Archive member included to satisfy reference by file (symbol)

/home/btclark/var-mcuxpresso/gcc-arm-none-eabi-9-2020-q2-update/bin/../lib/gcc/arm-none-eabi/9.3.1/../../../../arm-none-eabi/lib/thumb/v7e-m+fp/hard/libc_nano.a(lib_a-errno.o)
                              CMakeFiles/rpmsg_lite_str_echo_rtos_imxcm7.elf.dir/home/btclark/var-fslc-yocto/local_repos/freertos-variscite/devices/MIMX8MN6/utilities/str/fsl_str.c.obj (__errno)
/home/btclark/var-mcuxpresso/gcc-arm-none-eabi-9-2020-q2-update/bin/../lib/gcc/arm-none-eabi/9.3.1/../../../../arm-none-eabi/lib/thumb/v7e-m+fp/hard/libc_nano.a(lib_a-exit.o)
                              /home/btclark/var-mcuxpresso/gcc-arm-none-eabi-9-2020-q2-update/bin/../lib/gcc/arm-none-eabi/9.3.1/../../../../arm-none-eabi/lib/thumb/v7e-m+fp/hard/crt0.o (exit)
/home/btclark/var-mcuxpresso/gcc-arm-none-eabi-9-2020-q2-update/bin/../lib/gcc/arm-none-eabi/9.3.1/../../../../arm-none-eabi/lib/thumb/v7e-m+fp/hard/libc_nano.a(lib_a-impure.o)
                              /home/btclark/var-mcuxpresso/gcc-arm-none-eabi-9-2020-q2-update/bin/../lib/gcc/arm-none-eabi/9.3.1/../../../../arm-none-eabi/lib/thumb/v7e-m+fp/hard/libc_nano.a(lib_a-exit.o) (_global_impure_ptr)
/home/btclark/var-mcuxpresso/gcc-arm-none-eabi-9-2020-q2-update/bin/../lib/gcc/arm-none-eabi/9.3.1/../../../../arm-none-eabi/lib/thumb/v7e-m+fp/hard/libc_nano.a(lib_a-init.o)
                              /home/btclark/var-mcuxpresso/gcc-arm-none-eabi-9-2020-q2-update/bin/../lib/gcc/arm-none-eabi/9.3.1/../../../../arm-none-eabi/lib/thumb/v7e-m+fp/hard/crt0.o (__libc_init_array)
/home/btclark/var-mcuxpresso/gcc-arm-none-eabi-9-2020-q2-update/bin/../lib/gcc/arm-none-eabi/9.3.1/../../../../arm-none-eabi/lib/thumb/v7e-m+fp/hard/libc_nano.a(lib_a-malloc.o)
                              CMakeFiles/rpmsg_lite_str_echo_rtos_imxcm7.elf.dir/home/btclark/var-fslc-yocto/local_repos/freertos-variscite/devices/MIMX8MN6/drivers/fsl_common.c.obj (malloc)
/home/btclark/var-mcuxpresso/gcc-arm-none-eabi-9-2020-q2-update/bin/../lib/gcc/arm-none-eabi/9.3.1/../../../../arm-none-eabi/lib/thumb/v7e-m+fp/hard/libc_nano.a(lib_a-memcpy-stub.o)
                              CMakeFiles/rpmsg_lite_str_echo_rtos_imxcm7.elf.dir/home/btclark/var-fslc-yocto/local_repos/freertos-variscite/boards/som_mx8mn/multicore_examples/rpmsg_lite_str_echo_rtos/main_remote.c.obj (memcpy)
/home/btclark/var-mcuxpresso/gcc-arm-none-eabi-9-2020-q2-update/bin/../lib/gcc/arm-none-eabi/9.3.1/../../../../arm-none-eabi/lib/thumb/v7e-m+fp/hard/libc_nano.a(lib_a-memset.o)
                              /home/btclark/var-mcuxpresso/gcc-arm-none-eabi-9-2020-q2-update/bin/../lib/gcc/arm-none-eabi/9.3.1/../../../../arm-none-eabi/lib/thumb/v7e-m+fp/hard/crt0.o (memset)
/home/btclark/var-mcuxpresso/gcc-arm-none-eabi-9-2020-q2-update/bin/../lib/gcc/arm-none-eabi/9.3.1/../../../../arm-none-eabi/lib/thumb/v7e-m+fp/hard/libc_nano.a(lib_a-nano-freer.o)
                              /home/btclark/var-mcuxpresso/gcc-arm-none-eabi-9-2020-q2-update/bin/../lib/gcc/arm-none-eabi/9.3.1/../../../../arm-none-eabi/lib/thumb/v7e-m+fp/hard/libc_nano.a(lib_a-malloc.o) (_free_r)
/home/btclark/var-mcuxpresso/gcc-arm-none-eabi-9-2020-q2-update/bin/../lib/gcc/arm-none-eabi/9.3.1/../../../../arm-none-eabi/lib/thumb/v7e-m+fp/hard/libc_nano.a(lib_a-nano-mallocr.o)
                              /home/btclark/var-mcuxpresso/gcc-arm-none-eabi-9-2020-q2-update/bin/../lib/gcc/arm-none-eabi/9.3.1/../../../../arm-none-eabi/lib/thumb/v7e-m+fp/hard/libc_nano.a(lib_a-malloc.o) (_malloc_r)
/home/btclark/var-mcuxpresso/gcc-arm-none-eabi-9-2020-q2-update/bin/../lib/gcc/arm-none-eabi/9.3.1/../../../../arm-none-eabi/lib/thumb/v7e-m+fp/hard/libc_nano.a(lib_a-printf.o)
                              CMakeFiles/rpmsg_lite_str_echo_rtos_imxcm7.elf.dir/home/btclark/var-fslc-yocto/local_repos/freertos-variscite/middleware/multicore/rpmsg_lite/lib/virtio/virtqueue.c.obj (printf)
/home/btclark/var-mcuxpresso/gcc-arm-none-eabi-9-2020-q2-update/bin/../lib/gcc/arm-none-eabi/9.3.1/../../../../arm-none-eabi/lib/thumb/v7e-m+fp/hard/libc_nano.a(lib_a-sbrkr.o)
                              /home/btclark/var-mcuxpresso/gcc-arm-none-eabi-9-2020-q2-update/bin/../lib/gcc/arm-none-eabi/9.3.1/../../../../arm-none-eabi/lib/thumb/v7e-m+fp/hard/libc_nano.a(lib_a-nano-mallocr.o) (_sbrk_r)
/home/btclark/var-mcuxpresso/gcc-arm-none-eabi-9-2020-q2-update/bin/../lib/gcc/arm-none-eabi/9.3.1/../../../../arm-none-eabi/lib/thumb/v7e-m+fp/hard/libc_nano.a(lib_a-strcmp.o)
                              CMakeFiles/rpmsg_lite_str_echo_rtos_imxcm7.elf.dir/home/btclark/var-fslc-yocto/local_repos/freertos-variscite/middleware/multicore/rpmsg_lite/lib/rpmsg_lite/porting/environment/rpmsg_env_freertos.c.obj (strcmp)
/home/btclark/var-mcuxpresso/gcc-arm-none-eabi-9-2020-q2-update/bin/../lib/gcc/arm-none-eabi/9.3.1/../../../../arm-none-eabi/lib/thumb/v7e-m+fp/hard/libc_nano.a(lib_a-strlen.o)
[...]
Memory Configuration

Name             Origin             Length             Attributes
m_interrupts     0x000000007e000000 0x0000000000000240 xr
m_text           0x000000007e000240 0x00000000001ffdc0 xr
m_data           0x000000007e200000 0x0000000000200000 rw
m_data2          0x000000007e400000 0x0000000000c00000 rw
*default*        0x0000000000000000 0xffffffffffffffff

Linker script and memory map

LOAD /home/btclark/var-mcuxpresso/gcc-arm-none-eabi-9-2020-q2-update/bin/../lib/gcc/arm-none-eabi/9.3.1/thumb/v7e-m+fp/hard/crti.o
LOAD /home/btclark/var-mcuxpresso/gcc-arm-none-eabi-9-2020-q2-update/bin/../lib/gcc/arm-none-eabi/9.3.1/thumb/v7e-m+fp/hard/crtbegin.o
LOAD /home/btclark/var-mcuxpresso/gcc-arm-none-eabi-9-2020-q2-update/bin/../lib/gcc/arm-none-eabi/9.3.1/../../../../arm-none-eabi/lib/thumb/v7e-m+fp/hard/crt0.o
                0x0000000000000400                __stack_size__ = 0x400
                0x0000000000000400                __heap_size__ = 0x400
LOAD CMakeFiles/rpmsg_lite_str_echo_rtos_imxcm7.elf.dir/home/btclark/var-fslc-yocto/local_repos/freertos-variscite/boards/som_mx8mn/multicore_examples/rpmsg_lite_str_echo_rtos/main_remote.c.obj
LOAD CMakeFiles/rpmsg_lite_str_echo_rtos_imxcm7.elf.dir/home/btclark/var-fslc-yocto/local_repos/freertos-variscite/boards/som_mx8mn/multicore_examples/rpmsg_lite_str_echo_rtos/pin_mux.c.obj
LOAD CMakeFiles/rpmsg_lite_str_echo_rtos_imxcm7.elf.dir/home/btclark/var-fslc-yocto/local_repos/freertos-variscite/boards/som_mx8mn/multicore_examples/rpmsg_lite_str_echo_rtos/rsc_table.c.obj
LOAD CMakeFiles/rpmsg_lite_str_echo_rtos_imxcm7.elf.dir/home/btclark/var-fslc-yocto/local_repos/freertos-variscite/boards/som_mx8mn/multicore_examples/rpmsg_lite_str_echo_rtos/board.c.obj
LOAD CMakeFiles/rpmsg_lite_str_echo_rtos_imxcm7.elf.dir/home/btclark/var-fslc-yocto/local_repos/freertos-variscite/boards/som_mx8mn/multicore_examples/rpmsg_lite_str_echo_rtos/clock_config.c.obj
LOAD CMakeFiles/rpmsg_lite_str_echo_rtos_imxcm7.elf.dir/home/btclark/var-fslc-yocto/local_repos/freertos-variscite/middleware/multicore/rpmsg_lite/lib/rpmsg_lite/porting/platform/imx8mn_m7/rpmsg_platform.c.obj
LOAD CMakeFiles/rpmsg_lite_str_echo_rtos_imxcm7.elf.dir/home/btclark/var-fslc-yocto/local_repos/freertos-variscite/middleware/multicore/rpmsg_lite/lib/common/llist.c.obj
LOAD CMakeFiles/rpmsg_lite_str_echo_rtos_imxcm7.elf.dir/home/btclark/var-fslc-yocto/local_repos/freertos-variscite/middleware/multicore/rpmsg_lite/lib/rpmsg_lite/rpmsg_lite.c.obj
LOAD CMakeFiles/rpmsg_lite_str_echo_rtos_imxcm7.elf.dir/home/btclark/var-fslc-yocto/local_repos/freertos-variscite/middleware/multicore/rpmsg_lite/lib/rpmsg_lite/rpmsg_ns.c.obj
LOAD CMakeFiles/rpmsg_lite_str_echo_rtos_imxcm7.elf.dir/home/btclark/var-fslc-yocto/local_repos/freertos-variscite/middleware/multicore/rpmsg_lite/lib/virtio/virtqueue.c.obj
LOAD CMakeFiles/rpmsg_lite_str_echo_rtos_imxcm7.elf.dir/home/btclark/var-fslc-yocto/local_repos/freertos-variscite/middleware/multicore/rpmsg_lite/lib/rpmsg_lite/porting/environment/rpmsg_env_freertos.c.obj
LOAD CMakeFiles/rpmsg_lite_str_echo_rtos_imxcm7.elf.dir/home/btclark/var-fslc-yocto/local_repos/freertos-variscite/middleware/multicore/rpmsg_lite/lib/rpmsg_lite/rpmsg_queue.c.obj
LOAD CMakeFiles/rpmsg_lite_str_echo_rtos_imxcm7.elf.dir/home/btclark/var-fslc-yocto/local_repos/freertos-variscite/rtos/freertos/freertos_kernel/event_groups.c.obj
LOAD CMakeFiles/rpmsg_lite_str_echo_rtos_imxcm7.elf.dir/home/btclark/var-fslc-yocto/local_repos/freertos-variscite/rtos/freertos/freertos_kernel/croutine.c.obj
LOAD CMakeFiles/rpmsg_lite_str_echo_rtos_imxcm7.elf.dir/home/btclark/var-fslc-yocto/local_repos/freertos-variscite/rtos/freertos/freertos_kernel/list.c.obj
LOAD CMakeFiles/rpmsg_lite_str_echo_rtos_imxcm7.elf.dir/home/btclark/var-fslc-yocto/local_repos/freertos-variscite/rtos/freertos/freertos_kernel/portable/GCC/ARM_CM4F/port.c.obj
LOAD CMakeFiles/rpmsg_lite_str_echo_rtos_imxcm7.elf.dir/home/btclark/var-fslc-yocto/local_repos/freertos-variscite/rtos/freertos/freertos_kernel/queue.c.obj
LOAD CMakeFiles/rpmsg_lite_str_echo_rtos_imxcm7.elf.dir/home/btclark/var-fslc-yocto/local_repos/freertos-variscite/rtos/freertos/freertos_kernel/stream_buffer.c.obj
LOAD CMakeFiles/rpmsg_lite_str_echo_rtos_imxcm7.elf.dir/home/btclark/var-fslc-yocto/local_repos/freertos-variscite/rtos/freertos/freertos_kernel/tasks.c.obj
LOAD CMakeFiles/rpmsg_lite_str_echo_rtos_imxcm7.elf.dir/home/btclark/var-fslc-yocto/local_repos/freertos-variscite/rtos/freertos/freertos_kernel/timers.c.obj
LOAD CMakeFiles/rpmsg_lite_str_echo_rtos_imxcm7.elf.dir/home/btclark/var-fslc-yocto/local_repos/freertos-variscite/rtos/freertos/freertos_kernel/portable/MemMang/heap_4.c.obj
LOAD CMakeFiles/rpmsg_lite_str_echo_rtos_imxcm7.elf.dir/home/btclark/var-fslc-yocto/local_repos/freertos-variscite/devices/MIMX8MN6/drivers/fsl_clock.c.obj
LOAD CMakeFiles/rpmsg_lite_str_echo_rtos_imxcm7.elf.dir/home/btclark/var-fslc-yocto/local_repos/freertos-variscite/devices/MIMX8MN6/drivers/fsl_common.c.obj
LOAD CMakeFiles/rpmsg_lite_str_echo_rtos_imxcm7.elf.dir/home/btclark/var-fslc-yocto/local_repos/freertos-variscite/devices/MIMX8MN6/drivers/fsl_mu.c.obj
LOAD CMakeFiles/rpmsg_lite_str_echo_rtos_imxcm7.elf.dir/home/btclark/var-fslc-yocto/local_repos/freertos-variscite/devices/MIMX8MN6/drivers/fsl_rdc.c.obj
LOAD CMakeFiles/rpmsg_lite_str_echo_rtos_imxcm7.elf.dir/home/btclark/var-fslc-yocto/local_repos/freertos-variscite/devices/MIMX8MN6/utilities/str/fsl_str.c.obj
LOAD CMakeFiles/rpmsg_lite_str_echo_rtos_imxcm7.elf.dir/home/btclark/var-fslc-yocto/local_repos/freertos-variscite/devices/MIMX8MN6/utilities/debug_console/fsl_debug_console.c.obj
LOAD CMakeFiles/rpmsg_lite_str_echo_rtos_imxcm7.elf.dir/home/btclark/var-fslc-yocto/local_repos/freertos-variscite/components/serial_manager/fsl_component_serial_manager.c.obj
LOAD CMakeFiles/rpmsg_lite_str_echo_rtos_imxcm7.elf.dir/home/btclark/var-fslc-yocto/local_repos/freertos-variscite/components/serial_manager/fsl_component_serial_port_uart.c.obj
LOAD CMakeFiles/rpmsg_lite_str_echo_rtos_imxcm7.elf.dir/home/btclark/var-fslc-yocto/local_repos/freertos-variscite/devices/MIMX8MN6/drivers/fsl_uart.c.obj
LOAD CMakeFiles/rpmsg_lite_str_echo_rtos_imxcm7.elf.dir/home/btclark/var-fslc-yocto/local_repos/freertos-variscite/components/uart/fsl_adapter_iuart.c.obj
LOAD CMakeFiles/rpmsg_lite_str_echo_rtos_imxcm7.elf.dir/home/btclark/var-fslc-yocto/local_repos/freertos-variscite/components/lists/fsl_component_generic_list.c.obj
LOAD CMakeFiles/rpmsg_lite_str_echo_rtos_imxcm7.elf.dir/home/btclark/var-fslc-yocto/local_repos/freertos-variscite/devices/MIMX8MN6/gcc/startup_MIMX8MN6_cm7.S.obj
LOAD CMakeFiles/rpmsg_lite_str_echo_rtos_imxcm7.elf.dir/home/btclark/var-fslc-yocto/local_repos/freertos-variscite/devices/MIMX8MN6/system_MIMX8MN6_cm7.c.obj
LOAD CMakeFiles/rpmsg_lite_str_echo_rtos_imxcm7.elf.dir/home/btclark/var-fslc-yocto/local_repos/freertos-variscite/devices/MIMX8MN6/utilities/fsl_assert.c.obj
LOAD CMakeFiles/rpmsg_lite_str_echo_rtos_imxcm7.elf.dir/home/btclark/var-fslc-yocto/local_repos/freertos-variscite/devices/MIMX8MN6/utilities/fsl_sbrk.c.obj
START GROUP
LOAD /home/btclark/var-mcuxpresso/gcc-arm-none-eabi-9-2020-q2-update/bin/../lib/gcc/arm-none-eabi/9.3.1/../../../../arm-none-eabi/lib/thumb/v7e-m+fp/hard/libm.a
LOAD /home/btclark/var-mcuxpresso/gcc-arm-none-eabi-9-2020-q2-update/bin/../lib/gcc/arm-none-eabi/9.3.1/../../../../arm-none-eabi/lib/thumb/v7e-m+fp/hard/libc_nano.a
LOAD /home/btclark/var-mcuxpresso/gcc-arm-none-eabi-9-2020-q2-update/bin/../lib/gcc/arm-none-eabi/9.3.1/thumb/v7e-m+fp/hard/libgcc.a
LOAD /home/btclark/var-mcuxpresso/gcc-arm-none-eabi-9-2020-q2-update/bin/../lib/gcc/arm-none-eabi/9.3.1/../../../../arm-none-eabi/lib/thumb/v7e-m+fp/hard/libnosys.a
END GROUP
START GROUP
LOAD /home/btclark/var-mcuxpresso/gcc-arm-none-eabi-9-2020-q2-update/bin/../lib/gcc/arm-none-eabi/9.3.1/thumb/v7e-m+fp/hard/libgcc.a
LOAD /home/btclark/var-mcuxpresso/gcc-arm-none-eabi-9-2020-q2-update/bin/../lib/gcc/arm-none-eabi/9.3.1/../../../../arm-none-eabi/lib/thumb/v7e-m+fp/hard/libg_nano.a
LOAD /home/btclark/var-mcuxpresso/gcc-arm-none-eabi-9-2020-q2-update/bin/../lib/gcc/arm-none-eabi/9.3.1/../../../../arm-none-eabi/lib/thumb/v7e-m+fp/hard/libc_nano.a
END GROUP
START GROUP
LOAD /home/btclark/var-mcuxpresso/gcc-arm-none-eabi-9-2020-q2-update/bin/../lib/gcc/arm-none-eabi/9.3.1/thumb/v7e-m+fp/hard/libgcc.a
LOAD /home/btclark/var-mcuxpresso/gcc-arm-none-eabi-9-2020-q2-update/bin/../lib/gcc/arm-none-eabi/9.3.1/../../../../arm-none-eabi/lib/thumb/v7e-m+fp/hard/libc_nano.a
LOAD /home/btclark/var-mcuxpresso/gcc-arm-none-eabi-9-2020-q2-update/bin/../lib/gcc/arm-none-eabi/9.3.1/../../../../arm-none-eabi/lib/thumb/v7e-m+fp/hard/libnosys.a
END GROUP
START GROUP
LOAD /home/btclark/var-mcuxpresso/gcc-arm-none-eabi-9-2020-q2-update/bin/../lib/gcc/arm-none-eabi/9.3.1/thumb/v7e-m+fp/hard/libgcc.a
LOAD /home/btclark/var-mcuxpresso/gcc-arm-none-eabi-9-2020-q2-update/bin/../lib/gcc/arm-none-eabi/9.3.1/../../../../arm-none-eabi/lib/thumb/v7e-m+fp/hard/libc_nano.a
LOAD /home/btclark/var-mcuxpresso/gcc-arm-none-eabi-9-2020-q2-update/bin/../lib/gcc/arm-none-eabi/9.3.1/../../../../arm-none-eabi/lib/thumb/v7e-m+fp/hard/libnosys.a
END GROUP
LOAD /home/btclark/var-mcuxpresso/gcc-arm-none-eabi-9-2020-q2-update/bin/../lib/gcc/arm-none-eabi/9.3.1/thumb/v7e-m+fp/hard/crtend.o
LOAD /home/btclark/var-mcuxpresso/gcc-arm-none-eabi-9-2020-q2-update/bin/../lib/gcc/arm-none-eabi/9.3.1/thumb/v7e-m+fp/hard/crtn.o
                0x0000000000000400                HEAP_SIZE = DEFINED (__heap_size__)?__heap_size__:0x400
                0x0000000000000400                STACK_SIZE = DEFINED (__stack_size__)?__stack_size__:0x400

.interrupts     0x000000007e000000      0x240
                0x000000007e000000                __VECTOR_TABLE = .
                0x000000007e000000                __Vectors = .
                0x000000007e000000                . = ALIGN (0x4)
 *(.isr_vector)
 .isr_vector    0x000000007e000000      0x240 CMakeFiles/rpmsg_lite_str_echo_rtos_imxcm7.elf.dir/home/btclark/var-fslc-yocto/local_repos/freertos-variscite/devices/MIMX8MN6/gcc/startup_MIMX8MN6_cm7.S.obj
                0x000000007e000000                __isr_vector
                0x000000007e000240                . = ALIGN (0x4)

.resource_table
                0x000000007e000240       0x58
                0x000000007e000240                . = ALIGN (0x8)
 *(.resource_table)
 .resource_table
                0x000000007e000240       0x58 CMakeFiles/rpmsg_lite_str_echo_rtos_imxcm7.elf.dir/home/btclark/var-fslc-yocto/local_repos/freertos-variscite/boards/som_mx8mn/multicore_examples/rpmsg_lite_str_echo_rtos/rsc_table.c.obj
                0x000000007e000240                resources
                0x000000007e000298                . = ALIGN (0x8)

.text           0x000000007e0002a0     0x80d8
                0x000000007e0002a0                . = ALIGN (0x4)
 *(.text)
 .text          0x000000007e0002a0       0x40 /home/btclark/var-mcuxpresso/gcc-arm-none-eabi-9-2020-q2-update/bin/../lib/gcc/arm-none-eabi/9.3.1/thumb/v7e-m+fp/hard/crtbegin.o
 .text          0x000000007e0002e0       0x7c /home/btclark/var-mcuxpresso/gcc-arm-none-eabi-9-2020-q2-update/bin/../lib/gcc/arm-none-eabi/9.3.1/../../../../arm-none-eabi/lib/thumb/v7e-m+fp/hard/crt0.o
                0x000000007e0002e0                _stack_init
                0x000000007e0002e8                _mainCRTStartup
                0x000000007e0002e8                _start
 .text          0x000000007e00035c      0x1a0 CMakeFiles/rpmsg_lite_str_echo_rtos_imxcm7.elf.dir/home/btclark/var-fslc-yocto/local_repos/freertos-variscite/devices/MIMX8MN6/gcc/startup_MIMX8MN6_cm7.S.obj
                0x000000007e00035c                Reset_Handler
                0x000000007e0003e8                Reserved96_IRQHandler
                0x000000007e0003e8                SJC_IRQHandler
                0x000000007e0003e8                Reserved111_IRQHandler
                0x000000007e0003e8                DebugMon_Handler
                0x000000007e0003e8                DDR_PerformanceMonitor_IRQHandler
                0x000000007e0003e8                SRC_IRQHandler
                0x000000007e0003e8                GPIO2_Combined_0_15_IRQHandler
                0x000000007e0003e8                GPIO1_INT2_IRQHandler
                0x000000007e0003e8                PWM1_IRQHandler
                0x000000007e0003e8                CAAM_IRQ1_IRQHandler
                0x000000007e0003e8                CPU_Error_L2RAM_IRQHandler
                0x000000007e0003e8                CAAM_ERROR_IRQHandler
                0x000000007e0003e8                GPIO1_INT7_IRQHandler
                0x000000007e0003e8                Reserved29_IRQHandler
                0x000000007e0003e8                QOS_IRQHandler
                0x000000007e0003e8                PDM_HWVAD_ERROR_IRQHandler
                0x000000007e0003e8                I2S2_DriverIRQHandler
                0x000000007e0003e8                GPIO5_Combined_0_15_IRQHandler
                0x000000007e0003e8                MIPI_DSI_IRQHandler
                0x000000007e0003e8                I2C3_DriverIRQHandler
                0x000000007e0003e8                USB1_IRQHandler
                0x000000007e0003e8                ENET_1588_DriverIRQHandler
                0x000000007e0003e8                SNVS_IRQHandler
                0x000000007e0003e8                Reserved116_IRQHandler
                0x000000007e0003e8                SRC_Combined_IRQHandler
                0x000000007e0003e8                GPIO4_Combined_0_15_IRQHandler
                0x000000007e0003e8                Reserved92_IRQHandler
                0x000000007e0003e8                PERFMON1_IRQHandler
                0x000000007e0003e8                SCTR_IRQ0_IRQHandler
                0x000000007e0003e8                PWM3_IRQHandler
                0x000000007e0003e8                I2C2_DriverIRQHandler
                0x000000007e0003e8                HS_CP0_IRQHandler
                0x000000007e0003e8                UsageFault_Handler
                0x000000007e0003e8                WDOG1_IRQHandler
                0x000000007e0003e8                DAP_IRQHandler
                0x000000007e0003e8                Reserved57_IRQHandler
                0x000000007e0003e8                TEMPMON_LOW_IRQHandler
                0x000000007e0003e8                GPT1_IRQHandler
                0x000000007e0003e8                DefaultISR
                0x000000007e0003e8                ISI_CH3_IRQHandler
                0x000000007e0003e8                I2S3_DriverIRQHandler
                0x000000007e0003e8                SDMA2_DriverIRQHandler
                0x000000007e0003e8                Reserved24_IRQHandler
                0x000000007e0003e8                GPT3_IRQHandler
                0x000000007e0003e8                SNVS_Security_IRQHandler
                0x000000007e0003e8                USDHC1_DriverIRQHandler
                0x000000007e0003e8                GPIO1_INT0_IRQHandler
                0x000000007e0003e8                CCM_IRQ1_IRQHandler
                0x000000007e0003e8                CSU_IRQHandler
                0x000000007e0003e8                ENET_MAC0_Rx_Tx_Done2_DriverIRQHandler
                0x000000007e0003e8                ECSPI3_DriverIRQHandler
                0x000000007e0003e8                SDMA1_DriverIRQHandler
                0x000000007e0003e8                ENET_DriverIRQHandler
                0x000000007e0003e8                MIPI_CSI1_IRQHandler
                0x000000007e0003e8                ECSPI2_DriverIRQHandler
                0x000000007e0003e8                ISI_CH1_IRQHandler
                0x000000007e0003e8                ASRC_IRQHandler
                0x000000007e0003e8                GPIO1_Combined_16_31_IRQHandler
                0x000000007e0003e8                CPU_CTI_Trigger_IRQHandler
                0x000000007e0003e8                ISI_CH0_IRQHandler
                0x000000007e0003e8                PERFMON2_IRQHandler
                0x000000007e0003e8                QSPI_DriverIRQHandler
                0x000000007e0003e8                GPIO3_Combined_16_31_IRQHandler
                0x000000007e0003e8                CPU_Error_AXI_IRQHandler
                0x000000007e0003e8                RDC_IRQHandler
                0x000000007e0003e8                WDOG2_IRQHandler
                0x000000007e0003e8                GPIO1_INT5_IRQHandler
                0x000000007e0003e8                Reserved140_IRQHandler
                0x000000007e0003e8                PWM2_IRQHandler
                0x000000007e0003e8                GPIO1_INT6_IRQHandler
                0x000000007e0003e8                SNVS_Consolidated_IRQHandler
                0x000000007e0003e8                GPR_IRQ_IRQHandler
                0x000000007e0003e8                I2S7_DriverIRQHandler
                0x000000007e0003e8                GPC_IRQHandler
                0x000000007e0003e8                GPIO3_Combined_0_15_IRQHandler
                0x000000007e0003e8                I2S56_DriverIRQHandler
                0x000000007e0003e8                SCTR_IRQ1_IRQHandler
                0x000000007e0003e8                GPMI_IRQHandler
                0x000000007e0003e8                GPIO5_Combined_16_31_IRQHandler
                0x000000007e0003e8                CPU_PerformanceUnit_IRQHandler
                0x000000007e0003e8                ENET_MAC0_Rx_Tx_Done1_DriverIRQHandler
                0x000000007e0003e8                ISI_CH2_IRQHandler
                0x000000007e0003e8                PWM4_IRQHandler
                0x000000007e0003e8                TZASC_IRQHandler
                0x000000007e0003e8                MU_A53_IRQHandler
                0x000000007e0003e8                USDHC3_DriverIRQHandler
                0x000000007e0003e8                CM7_CTI_IRQHandler
                0x000000007e0003e8                GPIO1_INT1_IRQHandler
                0x000000007e0003e8                DDR_IRQHandler
                0x000000007e0003e8                HS_CP1_IRQHandler
                0x000000007e0003e8                GPIO1_INT4_IRQHandler
                0x000000007e0003e8                Reserved41_IRQHandler
                0x000000007e0003e8                USDHC2_DriverIRQHandler
                0x000000007e0003e8                MemManage_Handler
                0x000000007e0003e8                Reserved90_IRQHandler
                0x000000007e0003e8                GPT4_IRQHandler
                0x000000007e0003e8                PDM_EVENT_DriverIRQHandler
                0x000000007e0003e8                I2C4_DriverIRQHandler
                0x000000007e0003e8                PDM_HWVAD_EVENT_IRQHandler
                0x000000007e0003e8                BCH_IRQHandler
                0x000000007e0003e8                GPIO1_INT3_IRQHandler
                0x000000007e0003e8                GPIO1_Combined_0_15_IRQHandler
                0x000000007e0003e8                I2C1_DriverIRQHandler
                0x000000007e0003e8                Reserved91_IRQHandler
                0x000000007e0003e8                SDMA3_DriverIRQHandler
                0x000000007e0003e8                ECSPI1_DriverIRQHandler
                0x000000007e0003e8                Reserved46_IRQHandler
                0x000000007e0003e8                Reserved143_IRQHandler
                0x000000007e0003e8                GPU3D_IRQHandler
                0x000000007e0003e8                Reserved23_IRQHandler
                0x000000007e0003e8                APBHDMA_DriverIRQHandler
                0x000000007e0003e8                GPIO2_Combined_16_31_IRQHandler
                0x000000007e0003e8                Reserved139_IRQHandler
                0x000000007e0003e8                Reserved141_IRQHandler
                0x000000007e0003e8                SPDIF1_DriverIRQHandler
                0x000000007e0003e8                CAAM_IRQ2_IRQHandler
                0x000000007e0003e8                GPT2_IRQHandler
                0x000000007e0003e8                RTIC_IRQHandler
                0x000000007e0003e8                PDM_ERROR_IRQHandler
                0x000000007e0003e8                GPT5_IRQHandler
                0x000000007e0003e8                BusFault_Handler
                0x000000007e0003e8                GPIO4_Combined_16_31_IRQHandler
                0x000000007e0003e8                Reserved93_IRQHandler
                0x000000007e0003e8                GPT6_IRQHandler
                0x000000007e0003e8                CAAM_IRQ0_IRQHandler
                0x000000007e0003e8                CCM_IRQ2_IRQHandler
                0x000000007e0003e8                WDOG3_IRQHandler
                0x000000007e0003e8                LCDIF_IRQHandler
                0x000000007e0003ec                NMI_Handler
                0x000000007e0003f0                HardFault_Handler
                0x000000007e000400                SDMA1_IRQHandler
                0x000000007e000404                SPDIF1_IRQHandler
                0x000000007e000408                APBHDMA_IRQHandler
                0x000000007e00040c                USDHC1_IRQHandler
                0x000000007e000410                USDHC2_IRQHandler
                0x000000007e000414                USDHC3_IRQHandler
                0x000000007e000418                UART1_IRQHandler
                0x000000007e00041c                UART2_IRQHandler
                0x000000007e000420                UART3_IRQHandler
                0x000000007e000424                UART4_IRQHandler
                0x000000007e000428                ECSPI1_IRQHandler
                0x000000007e00042c                ECSPI2_IRQHandler
                0x000000007e000430                ECSPI3_IRQHandler
                0x000000007e000434                SDMA3_IRQHandler
                0x000000007e000438                I2C1_IRQHandler
                0x000000007e00043c                I2C2_IRQHandler
                0x000000007e000440                I2C3_IRQHandler
                0x000000007e000444                I2C4_IRQHandler
                0x000000007e000448                I2S3_IRQHandler
                0x000000007e00044c                I2S56_IRQHandler
                0x000000007e000450                I2S2_IRQHandler
                0x000000007e000454                SDMA2_IRQHandler
                0x000000007e000458                QSPI_IRQHandler
                0x000000007e00045c                PDM_EVENT_IRQHandler
                0x000000007e000460                I2S7_IRQHandler
                0x000000007e000464                ENET_MAC0_Rx_Tx_Done1_IRQHandler
                0x000000007e000468                ENET_MAC0_Rx_Tx_Done2_IRQHandler
                0x000000007e00046c                ENET_IRQHandler
                0x000000007e000470                ENET_1588_IRQHandler
 .text          0x000000007e0004fc       0x10 /home/btclark/var-mcuxpresso/gcc-arm-none-eabi-9-2020-q2-update/bin/../lib/gcc/arm-none-eabi/9.3.1/../../../../arm-none-eabi/lib/thumb/v7e-m+fp/hard/libc_nano.a(lib_a-strlen.o)
                0x000000007e0004fc                strlen
 .text          0x000000007e00050c       0x30 /home/btclark/var-mcuxpresso/gcc-arm-none-eabi-9-2020-q2-update/bin/../lib/gcc/arm-none-eabi/9.3.1/thumb/v7e-m+fp/hard/libgcc.a(_aeabi_uldivmod.o)
                0x000000007e00050c                __aeabi_uldivmod
 .text          0x000000007e00053c      0x2c4 /home/btclark/var-mcuxpresso/gcc-arm-none-eabi-9-2020-q2-update/bin/../lib/gcc/arm-none-eabi/9.3.1/thumb/v7e-m+fp/hard/libgcc.a(_udivmoddi4.o)
                0x000000007e00053c                __udivmoddi4
 .text          0x000000007e000800        0x4 /home/btclark/var-mcuxpresso/gcc-arm-none-eabi-9-2020-q2-update/bin/../lib/gcc/arm-none-eabi/9.3.1/thumb/v7e-m+fp/hard/libgcc.a(_dvmd_tls.o)
                0x000000007e000800                __aeabi_ldiv0
                0x000000007e000800                __aeabi_idiv0
 *(.text*)
 .text.app_task
                0x000000007e000804      0x1b8 CMakeFiles/rpmsg_lite_str_echo_rtos_imxcm7.elf.dir/home/btclark/var-fslc-yocto/local_repos/freertos-variscite/boards/som_mx8mn/multicore_examples/rpmsg_lite_str_echo_rtos/main_remote.c.obj
 .text.main     0x000000007e0009bc       0x64 CMakeFiles/rpmsg_lite_str_echo_rtos_imxcm7.elf.dir/home/btclark/var-fslc-yocto/local_repos/freertos-variscite/boards/som_mx8mn/multicore_examples/rpmsg_lite_str_echo_rtos/main_remote.c.obj
                0x000000007e0009bc                main
 .text.IOMUXC_SetPinMux
                0x000000007e000a20       0x3e CMakeFiles/rpmsg_lite_str_echo_rtos_imxcm7.elf.dir/home/btclark/var-fslc-yocto/local_repos/freertos-variscite/boards/som_mx8mn/multicore_examples/rpmsg_lite_str_echo_rtos/pin_mux.c.obj
 .text.IOMUXC_SetPinConfig
                0x000000007e000a5e       0x26 CMakeFiles/rpmsg_lite_str_echo_rtos_imxcm7.elf.dir/home/btclark/var-fslc-yocto/local_repos/freertos-variscite/boards/som_mx8mn/multicore_examples/rpmsg_lite_str_echo_rtos/pin_mux.c.obj
 .text.BOARD_InitBootPins
                0x000000007e000a84        0xc CMakeFiles/rpmsg_lite_str_echo_rtos_imxcm7.elf.dir/home/btclark/var-fslc-yocto/local_repos/freertos-variscite/boards/som_mx8mn/multicore_examples/rpmsg_lite_str_echo_rtos/pin_mux.c.obj
                0x000000007e000a84                BOARD_InitBootPins
 .text.BOARD_InitPins
                0x000000007e000a90       0x70 CMakeFiles/rpmsg_lite_str_echo_rtos_imxcm7.elf.dir/home/btclark/var-fslc-yocto/local_repos/freertos-variscite/boards/som_mx8mn/multicore_examples/rpmsg_lite_str_echo_rtos/pin_mux.c.obj
                0x000000007e000a90                BOARD_InitPins
 .text.copyResourceTable
                0x000000007e000b00       0x28 CMakeFiles/rpmsg_lite_str_echo_rtos_imxcm7.elf.dir/home/btclark/var-fslc-yocto/local_repos/freertos-variscite/boards/som_mx8mn/multicore_examples/rpmsg_lite_str_echo_rtos/rsc_table.c.obj
                0x000000007e000b00                copyResourceTable
 .text.ARM_MPU_Enable
                0x000000007e000b28       0x40 CMakeFiles/rpmsg_lite_str_echo_rtos_imxcm7.elf.dir/home/btclark/var-fslc-yocto/local_repos/freertos-variscite/boards/som_mx8mn/multicore_examples/rpmsg_lite_str_echo_rtos/board.c.obj
 .text.ARM_MPU_Disable
                0x000000007e000b68       0x34 CMakeFiles/rpmsg_lite_str_echo_rtos_imxcm7.elf.dir/home/btclark/var-fslc-yocto/local_repos/freertos-variscite/boards/som_mx8mn/multicore_examples/rpmsg_lite_str_echo_rtos/board.c.obj
 .text.CLOCK_GetRootPreDivider
                0x000000007e000b9c       0x20 CMakeFiles/rpmsg_lite_str_echo_rtos_imxcm7.elf.dir/home/btclark/var-fslc-yocto/local_repos/freertos-variscite/boards/som_mx8mn/multicore_examples/rpmsg_lite_str_echo_rtos/board.c.obj
 .text.CLOCK_GetRootPostDivider
                0x000000007e000bbc       0x1e CMakeFiles/rpmsg_lite_str_echo_rtos_imxcm7.elf.dir/home/btclark/var-fslc-yocto/local_repos/freertos-variscite/boards/som_mx8mn/multicore_examples/rpmsg_lite_str_echo_rtos/board.c.obj
 .text.CLOCK_ControlGate
                0x000000007e000bda       0x1e CMakeFiles/rpmsg_lite_str_echo_rtos_imxcm7.elf.dir/home/btclark/var-fslc-yocto/local_repos/freertos-variscite/boards/som_mx8mn/multicore_examples/rpmsg_lite_str_echo_rtos/board.c.obj
 .text.BOARD_InitDebugConsole
                0x000000007e000bf8       0x5c CMakeFiles/rpmsg_lite_str_echo_rtos_imxcm7.elf.dir/home/btclark/var-fslc-yocto/local_repos/freertos-variscite/boards/som_mx8mn/multicore_examples/rpmsg_lite_str_echo_rtos/board.c.obj
                0x000000007e000bf8                BOARD_InitDebugConsole
 .text.BOARD_InitMemory
                0x000000007e000c54      0x140 CMakeFiles/rpmsg_lite_str_echo_rtos_imxcm7.elf.dir/home/btclark/var-fslc-yocto/local_repos/freertos-variscite/boards/som_mx8mn/multicore_examples/rpmsg_lite_str_echo_rtos/board.c.obj
                0x000000007e000c54                BOARD_InitMemory
 .text.BOARD_RdcInit
                0x000000007e000d94       0xb4 CMakeFiles/rpmsg_lite_str_echo_rtos_imxcm7.elf.dir/home/btclark/var-fslc-yocto/local_repos/freertos-variscite/boards/som_mx8mn/multicore_examples/rpmsg_lite_str_echo_rtos/board.c.obj
                0x000000007e000d94                BOARD_RdcInit
 .text.CLOCK_SetRootMux
                0x000000007e000e48       0x2c CMakeFiles/rpmsg_lite_str_echo_rtos_imxcm7.elf.dir/home/btclark/var-fslc-yocto/local_repos/freertos-variscite/boards/som_mx8mn/multicore_examples/rpmsg_lite_str_echo_rtos/clock_config.c.obj
 .text.CLOCK_IsPllBypassed
                0x000000007e000e74       0x38 CMakeFiles/rpmsg_lite_str_echo_rtos_imxcm7.elf.dir/home/btclark/var-fslc-yocto/local_repos/freertos-variscite/boards/som_mx8mn/multicore_examples/rpmsg_lite_str_echo_rtos/clock_config.c.obj
 .text.BOARD_BootClockRUN
                0x000000007e000eac      0x10c CMakeFiles/rpmsg_lite_str_echo_rtos_imxcm7.elf.dir/home/btclark/var-fslc-yocto/local_repos/freertos-variscite/boards/som_mx8mn/multicore_examples/rpmsg_lite_str_echo_rtos/clock_config.c.obj
                0x000000007e000eac                BOARD_BootClockRUN
 .text.RL_HANG  0x000000007e000fb8        0x6 CMakeFiles/rpmsg_lite_str_echo_rtos_imxcm7.elf.dir/home/btclark/var-fslc-yocto/local_repos/freertos-variscite/middleware/multicore/rpmsg_lite/lib/rpmsg_lite/porting/platform/imx8mn_m7/rpmsg_platform.c.obj
 *fill*         0x000000007e000fbe        0x2 
 .text.__NVIC_EnableIRQ
                0x000000007e000fc0       0x3c CMakeFiles/rpmsg_lite_str_echo_rtos_imxcm7.elf.dir/home/btclark/var-fslc-yocto/local_repos/freertos-variscite/middleware/multicore/rpmsg_lite/lib/rpmsg_lite/porting/platform/imx8mn_m7/rpmsg_platform.c.obj
 .text.__NVIC_DisableIRQ
                0x000000007e000ffc       0x48 CMakeFiles/rpmsg_lite_str_echo_rtos_imxcm7.elf.dir/home/btclark/var-fslc-yocto/local_repos/freertos-variscite/middleware/multicore/rpmsg_lite/lib/rpmsg_lite/porting/platform/imx8mn_m7/rpmsg_platform.c.obj
 .text.__NVIC_SetPriority
                0x000000007e001044       0x54 CMakeFiles/rpmsg_lite_str_echo_rtos_imxcm7.elf.dir/home/btclark/var-fslc-yocto/local_repos/freertos-variscite/middleware/multicore/rpmsg_lite/lib/rpmsg_lite/porting/platform/imx8mn_m7/rpmsg_platform.c.obj
 .text.MU_ReceiveMsgNonBlocking
                0x000000007e001098       0x3c CMakeFiles/rpmsg_lite_str_echo_rtos_imxcm7.elf.dir/home/btclark/var-fslc-yocto/local_repos/freertos-variscite/middleware/multicore/rpmsg_lite/lib/rpmsg_lite/porting/platform/imx8mn_m7/rpmsg_platform.c.obj
 .text.MU_GetStatusFlags
                0x000000007e0010d4       0x20 CMakeFiles/rpmsg_lite_str_echo_rtos_imxcm7.elf.dir/home/btclark/var-fslc-yocto/local_repos/freertos-variscite/middleware/multicore/rpmsg_lite/lib/rpmsg_lite/porting/platform/imx8mn_m7/rpmsg_platform.c.obj
 .text.MU_EnableInterrupts
                0x000000007e0010f4       0x2e CMakeFiles/rpmsg_lite_str_echo_rtos_imxcm7.elf.dir/home/btclark/var-fslc-yocto/local_repos/freertos-variscite/middleware/multicore/rpmsg_lite/lib/rpmsg_lite/porting/platform/imx8mn_m7/rpmsg_platform.c.obj
 .text.platform_global_isr_disable
                0x000000007e001122       0x10 CMakeFiles/rpmsg_lite_str_echo_rtos_imxcm7.elf.dir/home/btclark/var-fslc-yocto/local_repos/freertos-variscite/middleware/multicore/rpmsg_lite/lib/rpmsg_lite/porting/platform/imx8mn_m7/rpmsg_platform.c.obj
 .text.platform_global_isr_enable
                0x000000007e001132       0x10 CMakeFiles/rpmsg_lite_str_echo_rtos_imxcm7.elf.dir/home/btclark/var-fslc-yocto/local_repos/freertos-variscite/middleware/multicore/rpmsg_lite/lib/rpmsg_lite/porting/platform/imx8mn_m7/rpmsg_platform.c.obj
 *fill*         0x000000007e001142        0x2 
 .text.platform_init_interrupt
                0x000000007e001144       0x64 CMakeFiles/rpmsg_lite_str_echo_rtos_imxcm7.elf.dir/home/btclark/var-fslc-yocto/local_repos/freertos-variscite/middleware/multicore/rpmsg_lite/lib/rpmsg_lite/porting/platform/imx8mn_m7/rpmsg_platform.c.obj
                0x000000007e001144                platform_init_interrupt
 .text.platform_notify
                0x000000007e0011a8       0x3c CMakeFiles/rpmsg_lite_str_echo_rtos_imxcm7.elf.dir/home/btclark/var-fslc-yocto/local_repos/freertos-variscite/middleware/multicore/rpmsg_lite/lib/rpmsg_lite/porting/platform/imx8mn_m7/rpmsg_platform.c.obj
                0x000000007e0011a8                platform_notify
 .text.MU_M7_IRQHandler
                0x000000007e0011e4       0x40 CMakeFiles/rpmsg_lite_str_echo_rtos_imxcm7.elf.dir/home/btclark/var-fslc-yocto/local_repos/freertos-variscite/middleware/multicore/rpmsg_lite/lib/rpmsg_lite/porting/platform/imx8mn_m7/rpmsg_platform.c.obj
                0x000000007e0011e4                MU_M7_IRQHandler
 .text.platform_in_isr
                0x000000007e001224       0x24 CMakeFiles/rpmsg_lite_str_echo_rtos_imxcm7.elf.dir/home/btclark/var-fslc-yocto/local_repos/freertos-variscite/middleware/multicore/rpmsg_lite/lib/rpmsg_lite/porting/platform/imx8mn_m7/rpmsg_platform.c.obj
                0x000000007e001224                platform_in_isr
 .text.platform_interrupt_enable
                0x000000007e001248       0x44 CMakeFiles/rpmsg_lite_str_echo_rtos_imxcm7.elf.dir/home/btclark/var-fslc-yocto/local_repos/freertos-variscite/middleware/multicore/rpmsg_lite/lib/rpmsg_lite/porting/platform/imx8mn_m7/rpmsg_platform.c.obj
                0x000000007e001248                platform_interrupt_enable
 .text.platform_interrupt_disable
                0x000000007e00128c       0x44 CMakeFiles/rpmsg_lite_str_echo_rtos_imxcm7.elf.dir/home/btclark/var-fslc-yocto/local_repos/freertos-variscite/middleware/multicore/rpmsg_lite/lib/rpmsg_lite/porting/platform/imx8mn_m7/rpmsg_platform.c.obj
                0x000000007e00128c                platform_interrupt_disable
 .text.platform_patova
                0x000000007e0012d0       0x16 CMakeFiles/rpmsg_lite_str_echo_rtos_imxcm7.elf.dir/home/btclark/var-fslc-yocto/local_repos/freertos-variscite/middleware/multicore/rpmsg_lite/lib/rpmsg_lite/porting/platform/imx8mn_m7/rpmsg_platform.c.obj
                0x000000007e0012d0                platform_patova
 *fill*         0x000000007e0012e6        0x2 
 .text.platform_init
                0x000000007e0012e8       0x3c CMakeFiles/rpmsg_lite_str_echo_rtos_imxcm7.elf.dir/home/btclark/var-fslc-yocto/local_repos/freertos-variscite/middleware/multicore/rpmsg_lite/lib/rpmsg_lite/porting/platform/imx8mn_m7/rpmsg_platform.c.obj
                0x000000007e0012e8                platform_init
 .text.add_to_list
                0x000000007e001324       0x5a CMakeFiles/rpmsg_lite_str_echo_rtos_imxcm7.elf.dir/home/btclark/var-fslc-yocto/local_repos/freertos-variscite/middleware/multicore/rpmsg_lite/lib/common/llist.c.obj
                0x000000007e001324                add_to_list
 .text.RL_HANG  0x000000007e00137e        0x6 CMakeFiles/rpmsg_lite_str_echo_rtos_imxcm7.elf.dir/home/btclark/var-fslc-yocto/local_repos/freertos-variscite/middleware/multicore/rpmsg_lite/lib/rpmsg_lite/rpmsg_lite.c.obj
 .text.rpmsg_lite_get_endpoint_from_addr
                0x000000007e001384       0x40 CMakeFiles/rpmsg_lite_str_echo_rtos_imxcm7.elf.dir/home/btclark/var-fslc-yocto/local_repos/freertos-variscite/middleware/multicore/rpmsg_lite/lib/rpmsg_lite/rpmsg_lite.c.obj
 .text.rpmsg_lite_rx_callback
                0x000000007e0013c4       0xb2 CMakeFiles/rpmsg_lite_str_echo_rtos_imxcm7.elf.dir/home/btclark/var-fslc-yocto/local_repos/freertos-variscite/middleware/multicore/rpmsg_lite/lib/rpmsg_lite/rpmsg_lite.c.obj
 .text.rpmsg_lite_tx_callback
                0x000000007e001476       0x26 CMakeFiles/rpmsg_lite_str_echo_rtos_imxcm7.elf.dir/home/btclark/var-fslc-yocto/local_repos/freertos-variscite/middleware/multicore/rpmsg_lite/lib/rpmsg_lite/rpmsg_lite.c.obj
 .text.vq_tx_remote
                0x000000007e00149c       0x2e CMakeFiles/rpmsg_lite_str_echo_rtos_imxcm7.elf.dir/home/btclark/var-fslc-yocto/local_repos/freertos-variscite/middleware/multicore/rpmsg_lite/lib/rpmsg_lite/rpmsg_lite.c.obj
 .text.vq_tx_alloc_remote
                0x000000007e0014ca       0x20 CMakeFiles/rpmsg_lite_str_echo_rtos_imxcm7.elf.dir/home/btclark/var-fslc-yocto/local_repos/freertos-variscite/middleware/multicore/rpmsg_lite/lib/rpmsg_lite/rpmsg_lite.c.obj
 .text.vq_rx_remote
                0x000000007e0014ea       0x20 CMakeFiles/rpmsg_lite_str_echo_rtos_imxcm7.elf.dir/home/btclark/var-fslc-yocto/local_repos/freertos-variscite/middleware/multicore/rpmsg_lite/lib/rpmsg_lite/rpmsg_lite.c.obj
 .text.vq_rx_free_remote
                0x000000007e00150a       0x2e CMakeFiles/rpmsg_lite_str_echo_rtos_imxcm7.elf.dir/home/btclark/var-fslc-yocto/local_repos/freertos-variscite/middleware/multicore/rpmsg_lite/lib/rpmsg_lite/rpmsg_lite.c.obj
 .text.virtqueue_notify
                0x000000007e001538       0x1c CMakeFiles/rpmsg_lite_str_echo_rtos_imxcm7.elf.dir/home/btclark/var-fslc-yocto/local_repos/freertos-variscite/middleware/multicore/rpmsg_lite/lib/rpmsg_lite/rpmsg_lite.c.obj
 .text.rpmsg_lite_create_ept
                0x000000007e001554      0x104 CMakeFiles/rpmsg_lite_str_echo_rtos_imxcm7.elf.dir/home/btclark/var-fslc-yocto/local_repos/freertos-variscite/middleware/multicore/rpmsg_lite/lib/rpmsg_lite/rpmsg_lite.c.obj
                0x000000007e001554                rpmsg_lite_create_ept
 .text.rpmsg_lite_is_link_up
                0x000000007e001658       0x22 CMakeFiles/rpmsg_lite_str_echo_rtos_imxcm7.elf.dir/home/btclark/var-fslc-yocto/local_repos/freertos-variscite/middleware/multicore/rpmsg_lite/lib/rpmsg_lite/rpmsg_lite.c.obj
                0x000000007e001658                rpmsg_lite_is_link_up
 *fill*         0x000000007e00167a        0x2 
 .text.rpmsg_lite_format_message
                0x000000007e00167c      0x130 CMakeFiles/rpmsg_lite_str_echo_rtos_imxcm7.elf.dir/home/btclark/var-fslc-yocto/local_repos/freertos-variscite/middleware/multicore/rpmsg_lite/lib/rpmsg_lite/rpmsg_lite.c.obj
 .text.rpmsg_lite_send
                0x000000007e0017ac       0x54 CMakeFiles/rpmsg_lite_str_echo_rtos_imxcm7.elf.dir/home/btclark/var-fslc-yocto/local_repos/freertos-variscite/middleware/multicore/rpmsg_lite/lib/rpmsg_lite/rpmsg_lite.c.obj
                0x000000007e0017ac                rpmsg_lite_send
 .text.rpmsg_lite_alloc_tx_buffer
                0x000000007e001800       0xde CMakeFiles/rpmsg_lite_str_echo_rtos_imxcm7.elf.dir/home/btclark/var-fslc-yocto/local_repos/freertos-variscite/middleware/multicore/rpmsg_lite/lib/rpmsg_lite/rpmsg_lite.c.obj
                0x000000007e001800                rpmsg_lite_alloc_tx_buffer
 *fill*         0x000000007e0018de        0x2 
 .text.rpmsg_lite_send_nocopy
                0x000000007e0018e0       0xc0 CMakeFiles/rpmsg_lite_str_echo_rtos_imxcm7.elf.dir/home/btclark/var-fslc-yocto/local_repos/freertos-variscite/middleware/multicore/rpmsg_lite/lib/rpmsg_lite/rpmsg_lite.c.obj
                0x000000007e0018e0                rpmsg_lite_send_nocopy
 .text.rpmsg_lite_release_rx_buffer
                0x000000007e0019a0       0x70 CMakeFiles/rpmsg_lite_str_echo_rtos_imxcm7.elf.dir/home/btclark/var-fslc-yocto/local_repos/freertos-variscite/middleware/multicore/rpmsg_lite/lib/rpmsg_lite/rpmsg_lite.c.obj
                0x000000007e0019a0                rpmsg_lite_release_rx_buffer
 .text.rpmsg_lite_remote_init
                0x000000007e001a10      0x22c CMakeFiles/rpmsg_lite_str_echo_rtos_imxcm7.elf.dir/home/btclark/var-fslc-yocto/local_repos/freertos-variscite/middleware/multicore/rpmsg_lite/lib/rpmsg_lite/rpmsg_lite.c.obj
                0x000000007e001a10                rpmsg_lite_remote_init
 .text.rpmsg_ns_announce
                0x000000007e001c3c       0x60 CMakeFiles/rpmsg_lite_str_echo_rtos_imxcm7.elf.dir/home/btclark/var-fslc-yocto/local_repos/freertos-variscite/middleware/multicore/rpmsg_lite/lib/rpmsg_lite/rpmsg_ns.c.obj
                0x000000007e001c3c                rpmsg_ns_announce
 .text.vring_size
                0x000000007e001c9c       0x46 CMakeFiles/rpmsg_lite_str_echo_rtos_imxcm7.elf.dir/home/btclark/var-fslc-yocto/local_repos/freertos-variscite/middleware/multicore/rpmsg_lite/lib/virtio/virtqueue.c.obj
 .text.vring_init
                0x000000007e001ce2       0x52 CMakeFiles/rpmsg_lite_str_echo_rtos_imxcm7.elf.dir/home/btclark/var-fslc-yocto/local_repos/freertos-variscite/middleware/multicore/rpmsg_lite/lib/virtio/virtqueue.c.obj
 .text.vring_need_event
                0x000000007e001d34       0x3c CMakeFiles/rpmsg_lite_str_echo_rtos_imxcm7.elf.dir/home/btclark/var-fslc-yocto/local_repos/freertos-variscite/middleware/multicore/rpmsg_lite/lib/virtio/virtqueue.c.obj
 .text.virtqueue_create
                0x000000007e001d70       0xc4 CMakeFiles/rpmsg_lite_str_echo_rtos_imxcm7.elf.dir/home/btclark/var-fslc-yocto/local_repos/freertos-variscite/middleware/multicore/rpmsg_lite/lib/virtio/virtqueue.c.obj
                0x000000007e001d70                virtqueue_create
 .text.virtqueue_get_buffer_length
                0x000000007e001e34       0x24 CMakeFiles/rpmsg_lite_str_echo_rtos_imxcm7.elf.dir/home/btclark/var-fslc-yocto/local_repos/freertos-variscite/middleware/multicore/rpmsg_lite/lib/virtio/virtqueue.c.obj
                0x000000007e001e34                virtqueue_get_buffer_length
 .text.virtqueue_get_available_buffer
                0x000000007e001e58       0x8c CMakeFiles/rpmsg_lite_str_echo_rtos_imxcm7.elf.dir/home/btclark/var-fslc-yocto/local_repos/freertos-variscite/middleware/multicore/rpmsg_lite/lib/virtio/virtqueue.c.obj
                0x000000007e001e58                virtqueue_get_available_buffer
 .text.virtqueue_add_consumed_buffer
                0x000000007e001ee4       0x38 CMakeFiles/rpmsg_lite_str_echo_rtos_imxcm7.elf.dir/home/btclark/var-fslc-yocto/local_repos/freertos-variscite/middleware/multicore/rpmsg_lite/lib/virtio/virtqueue.c.obj
                0x000000007e001ee4                virtqueue_add_consumed_buffer
 .text.virtqueue_kick
                0x000000007e001f1c       0x2e CMakeFiles/rpmsg_lite_str_echo_rtos_imxcm7.elf.dir/home/btclark/var-fslc-yocto/local_repos/freertos-variscite/middleware/multicore/rpmsg_lite/lib/virtio/virtqueue.c.obj
                0x000000007e001f1c                virtqueue_kick
 .text.vq_ring_update_used
                0x000000007e001f4a       0x58 CMakeFiles/rpmsg_lite_str_echo_rtos_imxcm7.elf.dir/home/btclark/var-fslc-yocto/local_repos/freertos-variscite/middleware/multicore/rpmsg_lite/lib/virtio/virtqueue.c.obj
 .text.virtqueue_notification
                0x000000007e001fa2       0x26 CMakeFiles/rpmsg_lite_str_echo_rtos_imxcm7.elf.dir/home/btclark/var-fslc-yocto/local_repos/freertos-variscite/middleware/multicore/rpmsg_lite/lib/virtio/virtqueue.c.obj
                0x000000007e001fa2                virtqueue_notification
 .text.vq_ring_must_notify_host
                0x000000007e001fc8       0x6e CMakeFiles/rpmsg_lite_str_echo_rtos_imxcm7.elf.dir/home/btclark/var-fslc-yocto/local_repos/freertos-variscite/middleware/multicore/rpmsg_lite/lib/virtio/virtqueue.c.obj
 .text.vq_ring_notify_host
                0x000000007e002036       0x20 CMakeFiles/rpmsg_lite_str_echo_rtos_imxcm7.elf.dir/home/btclark/var-fslc-yocto/local_repos/freertos-variscite/middleware/multicore/rpmsg_lite/lib/virtio/virtqueue.c.obj
 .text.RL_HANG  0x000000007e002056        0x6 CMakeFiles/rpmsg_lite_str_echo_rtos_imxcm7.elf.dir/home/btclark/var-fslc-yocto/local_repos/freertos-variscite/middleware/multicore/rpmsg_lite/lib/rpmsg_lite/porting/environment/rpmsg_env_freertos.c.obj
 .text.env_in_isr
                0x000000007e00205c        0xe CMakeFiles/rpmsg_lite_str_echo_rtos_imxcm7.elf.dir/home/btclark/var-fslc-yocto/local_repos/freertos-variscite/middleware/multicore/rpmsg_lite/lib/rpmsg_lite/porting/environment/rpmsg_env_freertos.c.obj
 *fill*         0x000000007e00206a        0x2 
 .text.env_init
                0x000000007e00206c       0xac CMakeFiles/rpmsg_lite_str_echo_rtos_imxcm7.elf.dir/home/btclark/var-fslc-yocto/local_repos/freertos-variscite/middleware/multicore/rpmsg_lite/lib/rpmsg_lite/porting/environment/rpmsg_env_freertos.c.obj
                0x000000007e00206c                env_init
 .text.env_allocate_memory
                0x000000007e002118       0x18 CMakeFiles/rpmsg_lite_str_echo_rtos_imxcm7.elf.dir/home/btclark/var-fslc-yocto/local_repos/freertos-variscite/middleware/multicore/rpmsg_lite/lib/rpmsg_lite/porting/environment/rpmsg_env_freertos.c.obj
                0x000000007e002118                env_allocate_memory
 .text.env_free_memory
                0x000000007e002130       0x1c CMakeFiles/rpmsg_lite_str_echo_rtos_imxcm7.elf.dir/home/btclark/var-fslc-yocto/local_repos/freertos-variscite/middleware/multicore/rpmsg_lite/lib/rpmsg_lite/porting/environment/rpmsg_env_freertos.c.obj
                0x000000007e002130                env_free_memory
 .text.env_memset
                0x000000007e00214c       0x1e CMakeFiles/rpmsg_lite_str_echo_rtos_imxcm7.elf.dir/home/btclark/var-fslc-yocto/local_repos/freertos-variscite/middleware/multicore/rpmsg_lite/lib/rpmsg_lite/porting/environment/rpmsg_env_freertos.c.obj
                0x000000007e00214c                env_memset
 .text.env_memcpy
                0x000000007e00216a       0x1e CMakeFiles/rpmsg_lite_str_echo_rtos_imxcm7.elf.dir/home/btclark/var-fslc-yocto/local_repos/freertos-variscite/middleware/multicore/rpmsg_lite/lib/rpmsg_lite/porting/environment/rpmsg_env_freertos.c.obj
                0x000000007e00216a                env_memcpy
 .text.env_strncpy
                0x000000007e002188       0x1e CMakeFiles/rpmsg_lite_str_echo_rtos_imxcm7.elf.dir/home/btclark/var-fslc-yocto/local_repos/freertos-variscite/middleware/multicore/rpmsg_lite/lib/rpmsg_lite/porting/environment/rpmsg_env_freertos.c.obj
                0x000000007e002188                env_strncpy
 .text.env_mb   0x000000007e0021a6       0x12 CMakeFiles/rpmsg_lite_str_echo_rtos_imxcm7.elf.dir/home/btclark/var-fslc-yocto/local_repos/freertos-variscite/middleware/multicore/rpmsg_lite/lib/rpmsg_lite/porting/environment/rpmsg_env_freertos.c.obj
                0x000000007e0021a6                env_mb
 .text.env_rmb  0x000000007e0021b8       0x12 CMakeFiles/rpmsg_lite_str_echo_rtos_imxcm7.elf.dir/home/btclark/var-fslc-yocto/local_repos/freertos-variscite/middleware/multicore/rpmsg_lite/lib/rpmsg_lite/porting/environment/rpmsg_env_freertos.c.obj
                0x000000007e0021b8                env_rmb
 .text.env_wmb  0x000000007e0021ca       0x12 CMakeFiles/rpmsg_lite_str_echo_rtos_imxcm7.elf.dir/home/btclark/var-fslc-yocto/local_repos/freertos-variscite/middleware/multicore/rpmsg_lite/lib/rpmsg_lite/porting/environment/rpmsg_env_freertos.c.obj
                0x000000007e0021ca                env_wmb
 .text.env_map_patova
                0x000000007e0021dc       0x18 CMakeFiles/rpmsg_lite_str_echo_rtos_imxcm7.elf.dir/home/btclark/var-fslc-yocto/local_repos/freertos-variscite/middleware/multicore/rpmsg_lite/lib/rpmsg_lite/porting/environment/rpmsg_env_freertos.c.obj
                0x000000007e0021dc                env_map_patova
 .text.env_create_mutex
                0x000000007e0021f4       0x3e CMakeFiles/rpmsg_lite_str_echo_rtos_imxcm7.elf.dir/home/btclark/var-fslc-yocto/local_repos/freertos-variscite/middleware/multicore/rpmsg_lite/lib/rpmsg_lite/porting/environment/rpmsg_env_freertos.c.obj
                0x000000007e0021f4                env_create_mutex
 .text.env_lock_mutex
                0x000000007e002232       0x28 CMakeFiles/rpmsg_lite_str_echo_rtos_imxcm7.elf.dir/home/btclark/var-fslc-yocto/local_repos/freertos-variscite/middleware/multicore/rpmsg_lite/lib/rpmsg_lite/porting/environment/rpmsg_env_freertos.c.obj
                0x000000007e002232                env_lock_mutex
 .text.env_unlock_mutex
                0x000000007e00225a       0x2a CMakeFiles/rpmsg_lite_str_echo_rtos_imxcm7.elf.dir/home/btclark/var-fslc-yocto/local_repos/freertos-variscite/middleware/multicore/rpmsg_lite/lib/rpmsg_lite/porting/environment/rpmsg_env_freertos.c.obj
                0x000000007e00225a                env_unlock_mutex
 .text.env_sleep_msec
                0x000000007e002284       0x16 CMakeFiles/rpmsg_lite_str_echo_rtos_imxcm7.elf.dir/home/btclark/var-fslc-yocto/local_repos/freertos-variscite/middleware/multicore/rpmsg_lite/lib/rpmsg_lite/porting/environment/rpmsg_env_freertos.c.obj
                0x000000007e002284                env_sleep_msec
 *fill*         0x000000007e00229a        0x2 
 .text.env_register_isr
                0x000000007e00229c       0x30 CMakeFiles/rpmsg_lite_str_echo_rtos_imxcm7.elf.dir/home/btclark/var-fslc-yocto/local_repos/freertos-variscite/middleware/multicore/rpmsg_lite/lib/rpmsg_lite/porting/environment/rpmsg_env_freertos.c.obj
                0x000000007e00229c                env_register_isr
 .text.env_enable_interrupt
                0x000000007e0022cc       0x16 CMakeFiles/rpmsg_lite_str_echo_rtos_imxcm7.elf.dir/home/btclark/var-fslc-yocto/local_repos/freertos-variscite/middleware/multicore/rpmsg_lite/lib/rpmsg_lite/porting/environment/rpmsg_env_freertos.c.obj
                0x000000007e0022cc                env_enable_interrupt
 .text.env_disable_interrupt
                0x000000007e0022e2       0x16 CMakeFiles/rpmsg_lite_str_echo_rtos_imxcm7.elf.dir/home/btclark/var-fslc-yocto/local_repos/freertos-variscite/middleware/multicore/rpmsg_lite/lib/rpmsg_lite/porting/environment/rpmsg_env_freertos.c.obj
                0x000000007e0022e2                env_disable_interrupt
 .text.env_isr  0x000000007e0022f8       0x38 CMakeFiles/rpmsg_lite_str_echo_rtos_imxcm7.elf.dir/home/btclark/var-fslc-yocto/local_repos/freertos-variscite/middleware/multicore/rpmsg_lite/lib/rpmsg_lite/porting/environment/rpmsg_env_freertos.c.obj
                0x000000007e0022f8                env_isr
 .text.env_create_queue
                0x000000007e002330       0x36 CMakeFiles/rpmsg_lite_str_echo_rtos_imxcm7.elf.dir/home/btclark/var-fslc-yocto/local_repos/freertos-variscite/middleware/multicore/rpmsg_lite/lib/rpmsg_lite/porting/environment/rpmsg_env_freertos.c.obj
                0x000000007e002330                env_create_queue
 *fill*         0x000000007e002366        0x2 
 .text.env_put_queue
                0x000000007e002368       0x6c CMakeFiles/rpmsg_lite_str_echo_rtos_imxcm7.elf.dir/home/btclark/var-fslc-yocto/local_repos/freertos-variscite/middleware/multicore/rpmsg_lite/lib/rpmsg_lite/porting/environment/rpmsg_env_freertos.c.obj
                0x000000007e002368                env_put_queue
 .text.env_get_queue
                0x000000007e0023d4       0x6c CMakeFiles/rpmsg_lite_str_echo_rtos_imxcm7.elf.dir/home/btclark/var-fslc-yocto/local_repos/freertos-variscite/middleware/multicore/rpmsg_lite/lib/rpmsg_lite/porting/environment/rpmsg_env_freertos.c.obj
                0x000000007e0023d4                env_get_queue
 .text.RL_HANG  0x000000007e002440        0x6 CMakeFiles/rpmsg_lite_str_echo_rtos_imxcm7.elf.dir/home/btclark/var-fslc-yocto/local_repos/freertos-variscite/middleware/multicore/rpmsg_lite/lib/rpmsg_lite/rpmsg_queue.c.obj
 .text.rpmsg_queue_rx_cb
                0x000000007e002446       0x46 CMakeFiles/rpmsg_lite_str_echo_rtos_imxcm7.elf.dir/home/btclark/var-fslc-yocto/local_repos/freertos-variscite/middleware/multicore/rpmsg_lite/lib/rpmsg_lite/rpmsg_queue.c.obj
                0x000000007e002446                rpmsg_queue_rx_cb
 .text.rpmsg_queue_create
                0x000000007e00248c       0x48 CMakeFiles/rpmsg_lite_str_echo_rtos_imxcm7.elf.dir/home/btclark/var-fslc-yocto/local_repos/freertos-variscite/middleware/multicore/rpmsg_lite/lib/rpmsg_lite/rpmsg_queue.c.obj
                0x000000007e00248c                rpmsg_queue_create
 .text.rpmsg_queue_recv_nocopy
                0x000000007e0024d4       0x80 CMakeFiles/rpmsg_lite_str_echo_rtos_imxcm7.elf.dir/home/btclark/var-fslc-yocto/local_repos/freertos-variscite/middleware/multicore/rpmsg_lite/lib/rpmsg_lite/rpmsg_queue.c.obj
                0x000000007e0024d4                rpmsg_queue_recv_nocopy
 .text.rpmsg_queue_nocopy_free
                0x000000007e002554       0x40 CMakeFiles/rpmsg_lite_str_echo_rtos_imxcm7.elf.dir/home/btclark/var-fslc-yocto/local_repos/freertos-variscite/middleware/multicore/rpmsg_lite/lib/rpmsg_lite/rpmsg_queue.c.obj
                0x000000007e002554                rpmsg_queue_nocopy_free
 .text.vListInitialise
                0x000000007e002594       0x40 CMakeFiles/rpmsg_lite_str_echo_rtos_imxcm7.elf.dir/home/btclark/var-fslc-yocto/local_repos/freertos-variscite/rtos/freertos/freertos_kernel/list.c.obj
                0x000000007e002594                vListInitialise
 .text.vListInitialiseItem
                0x000000007e0025d4       0x1a CMakeFiles/rpmsg_lite_str_echo_rtos_imxcm7.elf.dir/home/btclark/var-fslc-yocto/local_repos/freertos-variscite/rtos/freertos/freertos_kernel/list.c.obj
                0x000000007e0025d4                vListInitialiseItem
 .text.vListInsertEnd
                0x000000007e0025ee       0x48 CMakeFiles/rpmsg_lite_str_echo_rtos_imxcm7.elf.dir/home/btclark/var-fslc-yocto/local_repos/freertos-variscite/rtos/freertos/freertos_kernel/list.c.obj
                0x000000007e0025ee                vListInsertEnd
 .text.vListInsert
                0x000000007e002636       0x72 CMakeFiles/rpmsg_lite_str_echo_rtos_imxcm7.elf.dir/home/btclark/var-fslc-yocto/local_repos/freertos-variscite/rtos/freertos/freertos_kernel/list.c.obj
                0x000000007e002636                vListInsert
 .text.uxListRemove
                0x000000007e0026a8       0x54 CMakeFiles/rpmsg_lite_str_echo_rtos_imxcm7.elf.dir/home/btclark/var-fslc-yocto/local_repos/freertos-variscite/rtos/freertos/freertos_kernel/list.c.obj
                0x000000007e0026a8                uxListRemove
 .text.pxPortInitialiseStack
                0x000000007e0026fc       0x68 CMakeFiles/rpmsg_lite_str_echo_rtos_imxcm7.elf.dir/home/btclark/var-fslc-yocto/local_repos/freertos-variscite/rtos/freertos/freertos_kernel/portable/GCC/ARM_CM4F/port.c.obj
                0x000000007e0026fc                pxPortInitialiseStack
 .text.prvTaskExitError
                0x000000007e002764       0x58 CMakeFiles/rpmsg_lite_str_echo_rtos_imxcm7.elf.dir/home/btclark/var-fslc-yocto/local_repos/freertos-variscite/rtos/freertos/freertos_kernel/portable/GCC/ARM_CM4F/port.c.obj
 *fill*         0x000000007e0027bc        0x4 
 .text.SVC_Handler
                0x000000007e0027c0       0x28 CMakeFiles/rpmsg_lite_str_echo_rtos_imxcm7.elf.dir/home/btclark/var-fslc-yocto/local_repos/freertos-variscite/rtos/freertos/freertos_kernel/portable/GCC/ARM_CM4F/port.c.obj
                0x000000007e0027c0                SVC_Handler
 .text.prvPortStartFirstTask
                0x000000007e0027e8       0x28 CMakeFiles/rpmsg_lite_str_echo_rtos_imxcm7.elf.dir/home/btclark/var-fslc-yocto/local_repos/freertos-variscite/rtos/freertos/freertos_kernel/portable/GCC/ARM_CM4F/port.c.obj
 .text.xPortStartScheduler
                0x000000007e002810      0x144 CMakeFiles/rpmsg_lite_str_echo_rtos_imxcm7.elf.dir/home/btclark/var-fslc-yocto/local_repos/freertos-variscite/rtos/freertos/freertos_kernel/portable/GCC/ARM_CM4F/port.c.obj
                0x000000007e002810                xPortStartScheduler
 .text.vPortEnterCritical
                0x000000007e002954       0x60 CMakeFiles/rpmsg_lite_str_echo_rtos_imxcm7.elf.dir/home/btclark/var-fslc-yocto/local_repos/freertos-variscite/rtos/freertos/freertos_kernel/portable/GCC/ARM_CM4F/port.c.obj
                0x000000007e002954                vPortEnterCritical
 .text.vPortExitCritical
                0x000000007e0029b4       0x54 CMakeFiles/rpmsg_lite_str_echo_rtos_imxcm7.elf.dir/home/btclark/var-fslc-yocto/local_repos/freertos-variscite/rtos/freertos/freertos_kernel/portable/GCC/ARM_CM4F/port.c.obj
                0x000000007e0029b4                vPortExitCritical
 *fill*         0x000000007e002a08        0x8 
 .text.PendSV_Handler
                0x000000007e002a10       0x68 CMakeFiles/rpmsg_lite_str_echo_rtos_imxcm7.elf.dir/home/btclark/var-fslc-yocto/local_repos/freertos-variscite/rtos/freertos/freertos_kernel/portable/GCC/ARM_CM4F/port.c.obj
                0x000000007e002a10                PendSV_Handler
 .text.SysTick_Handler
                0x000000007e002a78       0x44 CMakeFiles/rpmsg_lite_str_echo_rtos_imxcm7.elf.dir/home/btclark/var-fslc-yocto/local_repos/freertos-variscite/rtos/freertos/freertos_kernel/portable/GCC/ARM_CM4F/port.c.obj
                0x000000007e002a78                SysTick_Handler
 .text.vPortSetupTimerInterrupt
                0x000000007e002abc       0x48 CMakeFiles/rpmsg_lite_str_echo_rtos_imxcm7.elf.dir/home/btclark/var-fslc-yocto/local_repos/freertos-variscite/rtos/freertos/freertos_kernel/portable/GCC/ARM_CM4F/port.c.obj
                0x000000007e002abc                vPortSetupTimerInterrupt
 .text.vPortEnableVFP
                0x000000007e002b04       0x14 CMakeFiles/rpmsg_lite_str_echo_rtos_imxcm7.elf.dir/home/btclark/var-fslc-yocto/local_repos/freertos-variscite/rtos/freertos/freertos_kernel/portable/GCC/ARM_CM4F/port.c.obj
 .text.vPortValidateInterruptPriority
                0x000000007e002b18       0x80 CMakeFiles/rpmsg_lite_str_echo_rtos_imxcm7.elf.dir/home/btclark/var-fslc-yocto/local_repos/freertos-variscite/rtos/freertos/freertos_kernel/portable/GCC/ARM_CM4F/port.c.obj
                0x000000007e002b18                vPortValidateInterruptPriority
 .text.xQueueGenericReset
                0x000000007e002b98       0xd0 CMakeFiles/rpmsg_lite_str_echo_rtos_imxcm7.elf.dir/home/btclark/var-fslc-yocto/local_repos/freertos-variscite/rtos/freertos/freertos_kernel/queue.c.obj
                0x000000007e002b98                xQueueGenericReset
 .text.xQueueGenericCreate
                0x000000007e002c68       0x6c CMakeFiles/rpmsg_lite_str_echo_rtos_imxcm7.elf.dir/home/btclark/var-fslc-yocto/local_repos/freertos-variscite/rtos/freertos/freertos_kernel/queue.c.obj
                0x000000007e002c68                xQueueGenericCreate
 .text.prvInitialiseNewQueue
                0x000000007e002cd4       0x46 CMakeFiles/rpmsg_lite_str_echo_rtos_imxcm7.elf.dir/home/btclark/var-fslc-yocto/local_repos/freertos-variscite/rtos/freertos/freertos_kernel/queue.c.obj
 .text.xQueueCreateCountingSemaphore
                0x000000007e002d1a       0x66 CMakeFiles/rpmsg_lite_str_echo_rtos_imxcm7.elf.dir/home/btclark/var-fslc-yocto/local_repos/freertos-variscite/rtos/freertos/freertos_kernel/queue.c.obj
                0x000000007e002d1a                xQueueCreateCountingSemaphore
 .text.xQueueGenericSend
                0x000000007e002d80      0x1fc CMakeFiles/rpmsg_lite_str_echo_rtos_imxcm7.elf.dir/home/btclark/var-fslc-yocto/local_repos/freertos-variscite/rtos/freertos/freertos_kernel/queue.c.obj
                0x000000007e002d80                xQueueGenericSend
 .text.xQueueGenericSendFromISR
                0x000000007e002f7c      0x136 CMakeFiles/rpmsg_lite_str_echo_rtos_imxcm7.elf.dir/home/btclark/var-fslc-yocto/local_repos/freertos-variscite/rtos/freertos/freertos_kernel/queue.c.obj
                0x000000007e002f7c                xQueueGenericSendFromISR
 *fill*         0x000000007e0030b2        0x2 
 .text.xQueueReceive
                0x000000007e0030b4      0x1c0 CMakeFiles/rpmsg_lite_str_echo_rtos_imxcm7.elf.dir/home/btclark/var-fslc-yocto/local_repos/freertos-variscite/rtos/freertos/freertos_kernel/queue.c.obj
                0x000000007e0030b4                xQueueReceive
 .text.xQueueSemaphoreTake
                0x000000007e003274      0x21c CMakeFiles/rpmsg_lite_str_echo_rtos_imxcm7.elf.dir/home/btclark/var-fslc-yocto/local_repos/freertos-variscite/rtos/freertos/freertos_kernel/queue.c.obj
                0x000000007e003274                xQueueSemaphoreTake
 .text.xQueueReceiveFromISR
                0x000000007e003490      0x100 CMakeFiles/rpmsg_lite_str_echo_rtos_imxcm7.elf.dir/home/btclark/var-fslc-yocto/local_repos/freertos-variscite/rtos/freertos/freertos_kernel/queue.c.obj
                0x000000007e003490                xQueueReceiveFromISR
 .text.prvGetDisinheritPriorityAfterTimeout
                0x000000007e003590       0x30 CMakeFiles/rpmsg_lite_str_echo_rtos_imxcm7.elf.dir/home/btclark/var-fslc-yocto/local_repos/freertos-variscite/rtos/freertos/freertos_kernel/queue.c.obj
 .text.prvCopyDataToQueue
                0x000000007e0035c0       0xd4 CMakeFiles/rpmsg_lite_str_echo_rtos_imxcm7.elf.dir/home/btclark/var-fslc-yocto/local_repos/freertos-variscite/rtos/freertos/freertos_kernel/queue.c.obj
 .text.prvCopyDataFromQueue
                0x000000007e003694       0x4c CMakeFiles/rpmsg_lite_str_echo_rtos_imxcm7.elf.dir/home/btclark/var-fslc-yocto/local_repos/freertos-variscite/rtos/freertos/freertos_kernel/queue.c.obj
 .text.prvUnlockQueue
                0x000000007e0036e0       0xa4 CMakeFiles/rpmsg_lite_str_echo_rtos_imxcm7.elf.dir/home/btclark/var-fslc-yocto/local_repos/freertos-variscite/rtos/freertos/freertos_kernel/queue.c.obj
 .text.prvIsQueueEmpty
                0x000000007e003784       0x2c CMakeFiles/rpmsg_lite_str_echo_rtos_imxcm7.elf.dir/home/btclark/var-fslc-yocto/local_repos/freertos-variscite/rtos/freertos/freertos_kernel/queue.c.obj
 .text.prvIsQueueFull
                0x000000007e0037b0       0x30 CMakeFiles/rpmsg_lite_str_echo_rtos_imxcm7.elf.dir/home/btclark/var-fslc-yocto/local_repos/freertos-variscite/rtos/freertos/freertos_kernel/queue.c.obj
 .text.vQueueAddToRegistry
                0x000000007e0037e0       0x54 CMakeFiles/rpmsg_lite_str_echo_rtos_imxcm7.elf.dir/home/btclark/var-fslc-yocto/local_repos/freertos-variscite/rtos/freertos/freertos_kernel/queue.c.obj
                0x000000007e0037e0                vQueueAddToRegistry
 .text.vQueueWaitForMessageRestricted
                0x000000007e003834       0x68 CMakeFiles/rpmsg_lite_str_echo_rtos_imxcm7.elf.dir/home/btclark/var-fslc-yocto/local_repos/freertos-variscite/rtos/freertos/freertos_kernel/queue.c.obj
                0x000000007e003834                vQueueWaitForMessageRestricted
 .text.xTaskCreate
                0x000000007e00389c       0x82 CMakeFiles/rpmsg_lite_str_echo_rtos_imxcm7.elf.dir/home/btclark/var-fslc-yocto/local_repos/freertos-variscite/rtos/freertos/freertos_kernel/tasks.c.obj
                0x000000007e00389c                xTaskCreate
 .text.prvInitialiseNewTask
                0x000000007e00391e      0x144 CMakeFiles/rpmsg_lite_str_echo_rtos_imxcm7.elf.dir/home/btclark/var-fslc-yocto/local_repos/freertos-variscite/rtos/freertos/freertos_kernel/tasks.c.obj
 *fill*         0x000000007e003a62        0x2 
 .text.prvAddNewTaskToReadyList
                0x000000007e003a64       0xdc CMakeFiles/rpmsg_lite_str_echo_rtos_imxcm7.elf.dir/home/btclark/var-fslc-yocto/local_repos/freertos-variscite/rtos/freertos/freertos_kernel/tasks.c.obj
 .text.vTaskDelay
                0x000000007e003b40       0x68 CMakeFiles/rpmsg_lite_str_echo_rtos_imxcm7.elf.dir/home/btclark/var-fslc-yocto/local_repos/freertos-variscite/rtos/freertos/freertos_kernel/tasks.c.obj
                0x000000007e003b40                vTaskDelay
 .text.vTaskStartScheduler
                0x000000007e003ba8       0x9c CMakeFiles/rpmsg_lite_str_echo_rtos_imxcm7.elf.dir/home/btclark/var-fslc-yocto/local_repos/freertos-variscite/rtos/freertos/freertos_kernel/tasks.c.obj
                0x000000007e003ba8                vTaskStartScheduler
 .text.vTaskSuspendAll
                0x000000007e003c44       0x1c CMakeFiles/rpmsg_lite_str_echo_rtos_imxcm7.elf.dir/home/btclark/var-fslc-yocto/local_repos/freertos-variscite/rtos/freertos/freertos_kernel/tasks.c.obj
                0x000000007e003c44                vTaskSuspendAll
 .text.xTaskResumeAll
                0x000000007e003c60      0x138 CMakeFiles/rpmsg_lite_str_echo_rtos_imxcm7.elf.dir/home/btclark/var-fslc-yocto/local_repos/freertos-variscite/rtos/freertos/freertos_kernel/tasks.c.obj
                0x000000007e003c60                xTaskResumeAll
 .text.xTaskGetTickCount
                0x000000007e003d98       0x20 CMakeFiles/rpmsg_lite_str_echo_rtos_imxcm7.elf.dir/home/btclark/var-fslc-yocto/local_repos/freertos-variscite/rtos/freertos/freertos_kernel/tasks.c.obj
                0x000000007e003d98                xTaskGetTickCount
 .text.xTaskIncrementTick
                0x000000007e003db8      0x154 CMakeFiles/rpmsg_lite_str_echo_rtos_imxcm7.elf.dir/home/btclark/var-fslc-yocto/local_repos/freertos-variscite/rtos/freertos/freertos_kernel/tasks.c.obj
                0x000000007e003db8                xTaskIncrementTick
 .text.vTaskSwitchContext
                0x000000007e003f0c       0xb8 CMakeFiles/rpmsg_lite_str_echo_rtos_imxcm7.elf.dir/home/btclark/var-fslc-yocto/local_repos/freertos-variscite/rtos/freertos/freertos_kernel/tasks.c.obj
                0x000000007e003f0c                vTaskSwitchContext
 .text.vTaskPlaceOnEventList
                0x000000007e003fc4       0x48 CMakeFiles/rpmsg_lite_str_echo_rtos_imxcm7.elf.dir/home/btclark/var-fslc-yocto/local_repos/freertos-variscite/rtos/freertos/freertos_kernel/tasks.c.obj
                0x000000007e003fc4                vTaskPlaceOnEventList
 .text.vTaskPlaceOnEventListRestricted
                0x000000007e00400c       0x58 CMakeFiles/rpmsg_lite_str_echo_rtos_imxcm7.elf.dir/home/btclark/var-fslc-yocto/local_repos/freertos-variscite/rtos/freertos/freertos_kernel/tasks.c.obj
                0x000000007e00400c                vTaskPlaceOnEventListRestricted
 .text.xTaskRemoveFromEventList
                0x000000007e004064       0xc4 CMakeFiles/rpmsg_lite_str_echo_rtos_imxcm7.elf.dir/home/btclark/var-fslc-yocto/local_repos/freertos-variscite/rtos/freertos/freertos_kernel/tasks.c.obj
                0x000000007e004064                xTaskRemoveFromEventList
 .text.vTaskInternalSetTimeOutState
                0x000000007e004128       0x2c CMakeFiles/rpmsg_lite_str_echo_rtos_imxcm7.elf.dir/home/btclark/var-fslc-yocto/local_repos/freertos-variscite/rtos/freertos/freertos_kernel/tasks.c.obj
                0x000000007e004128                vTaskInternalSetTimeOutState
 .text.xTaskCheckForTimeOut
                0x000000007e004154       0xc4 CMakeFiles/rpmsg_lite_str_echo_rtos_imxcm7.elf.dir/home/btclark/var-fslc-yocto/local_repos/freertos-variscite/rtos/freertos/freertos_kernel/tasks.c.obj
                0x000000007e004154                xTaskCheckForTimeOut
 .text.vTaskMissedYield
                0x000000007e004218       0x18 CMakeFiles/rpmsg_lite_str_echo_rtos_imxcm7.elf.dir/home/btclark/var-fslc-yocto/local_repos/freertos-variscite/rtos/freertos/freertos_kernel/tasks.c.obj
                0x000000007e004218                vTaskMissedYield
 .text.prvIdleTask
                0x000000007e004230       0x30 CMakeFiles/rpmsg_lite_str_echo_rtos_imxcm7.elf.dir/home/btclark/var-fslc-yocto/local_repos/freertos-variscite/rtos/freertos/freertos_kernel/tasks.c.obj
 .text.prvInitialiseTaskLists
                0x000000007e004260       0x80 CMakeFiles/rpmsg_lite_str_echo_rtos_imxcm7.elf.dir/home/btclark/var-fslc-yocto/local_repos/freertos-variscite/rtos/freertos/freertos_kernel/tasks.c.obj
 .text.prvCheckTasksWaitingTermination
                0x000000007e0042e0       0x5c CMakeFiles/rpmsg_lite_str_echo_rtos_imxcm7.elf.dir/home/btclark/var-fslc-yocto/local_repos/freertos-variscite/rtos/freertos/freertos_kernel/tasks.c.obj
 .text.prvDeleteTCB
                0x000000007e00433c       0x20 CMakeFiles/rpmsg_lite_str_echo_rtos_imxcm7.elf.dir/home/btclark/var-fslc-yocto/local_repos/freertos-variscite/rtos/freertos/freertos_kernel/tasks.c.obj
 .text.prvResetNextTaskUnblockTime
                0x000000007e00435c       0x40 CMakeFiles/rpmsg_lite_str_echo_rtos_imxcm7.elf.dir/home/btclark/var-fslc-yocto/local_repos/freertos-variscite/rtos/freertos/freertos_kernel/tasks.c.obj
 .text.xTaskGetSchedulerState
                0x000000007e00439c       0x3c CMakeFiles/rpmsg_lite_str_echo_rtos_imxcm7.elf.dir/home/btclark/var-fslc-yocto/local_repos/freertos-variscite/rtos/freertos/freertos_kernel/tasks.c.obj
                0x000000007e00439c                xTaskGetSchedulerState
 .text.xTaskPriorityInherit
                0x000000007e0043d8       0xec CMakeFiles/rpmsg_lite_str_echo_rtos_imxcm7.elf.dir/home/btclark/var-fslc-yocto/local_repos/freertos-variscite/rtos/freertos/freertos_kernel/tasks.c.obj
                0x000000007e0043d8                xTaskPriorityInherit
 .text.xTaskPriorityDisinherit
                0x000000007e0044c4      0x10c CMakeFiles/rpmsg_lite_str_echo_rtos_imxcm7.elf.dir/home/btclark/var-fslc-yocto/local_repos/freertos-variscite/rtos/freertos/freertos_kernel/tasks.c.obj
                0x000000007e0044c4                xTaskPriorityDisinherit
 .text.vTaskPriorityDisinheritAfterTimeout
                0x000000007e0045d0      0x11c CMakeFiles/rpmsg_lite_str_echo_rtos_imxcm7.elf.dir/home/btclark/var-fslc-yocto/local_repos/freertos-variscite/rtos/freertos/freertos_kernel/tasks.c.obj
                0x000000007e0045d0                vTaskPriorityDisinheritAfterTimeout
 .text.pvTaskIncrementMutexHeldCount
                0x000000007e0046ec       0x28 CMakeFiles/rpmsg_lite_str_echo_rtos_imxcm7.elf.dir/home/btclark/var-fslc-yocto/local_repos/freertos-variscite/rtos/freertos/freertos_kernel/tasks.c.obj
                0x000000007e0046ec                pvTaskIncrementMutexHeldCount
 .text.prvAddCurrentTaskToDelayedList
                0x000000007e004714       0xcc CMakeFiles/rpmsg_lite_str_echo_rtos_imxcm7.elf.dir/home/btclark/var-fslc-yocto/local_repos/freertos-variscite/rtos/freertos/freertos_kernel/tasks.c.obj
 .text.xTimerCreateTimerTask
                0x000000007e0047e0       0x64 CMakeFiles/rpmsg_lite_str_echo_rtos_imxcm7.elf.dir/home/btclark/var-fslc-yocto/local_repos/freertos-variscite/rtos/freertos/freertos_kernel/timers.c.obj
                0x000000007e0047e0                xTimerCreateTimerTask
 .text.xTimerGenericCommand
                0x000000007e004844       0x9c CMakeFiles/rpmsg_lite_str_echo_rtos_imxcm7.elf.dir/home/btclark/var-fslc-yocto/local_repos/freertos-variscite/rtos/freertos/freertos_kernel/timers.c.obj
                0x000000007e004844                xTimerGenericCommand
 .text.prvProcessExpiredTimer
                0x000000007e0048e0       0x98 CMakeFiles/rpmsg_lite_str_echo_rtos_imxcm7.elf.dir/home/btclark/var-fslc-yocto/local_repos/freertos-variscite/rtos/freertos/freertos_kernel/timers.c.obj
 .text.prvTimerTask
                0x000000007e004978       0x24 CMakeFiles/rpmsg_lite_str_echo_rtos_imxcm7.elf.dir/home/btclark/var-fslc-yocto/local_repos/freertos-variscite/rtos/freertos/freertos_kernel/timers.c.obj
 .text.prvProcessTimerOrBlockTask
                0x000000007e00499c       0x9c CMakeFiles/rpmsg_lite_str_echo_rtos_imxcm7.elf.dir/home/btclark/var-fslc-yocto/local_repos/freertos-variscite/rtos/freertos/freertos_kernel/timers.c.obj
 .text.prvGetNextExpireTime
                0x000000007e004a38       0x48 CMakeFiles/rpmsg_lite_str_echo_rtos_imxcm7.elf.dir/home/btclark/var-fslc-yocto/local_repos/freertos-variscite/rtos/freertos/freertos_kernel/timers.c.obj
 .text.prvSampleTimeNow
                0x000000007e004a80       0x40 CMakeFiles/rpmsg_lite_str_echo_rtos_imxcm7.elf.dir/home/btclark/var-fslc-yocto/local_repos/freertos-variscite/rtos/freertos/freertos_kernel/timers.c.obj
 .text.prvInsertTimerInActiveList
                0x000000007e004ac0       0x84 CMakeFiles/rpmsg_lite_str_echo_rtos_imxcm7.elf.dir/home/btclark/var-fslc-yocto/local_repos/freertos-variscite/rtos/freertos/freertos_kernel/timers.c.obj
 .text.prvProcessReceivedCommands
                0x000000007e004b44      0x1c4 CMakeFiles/rpmsg_lite_str_echo_rtos_imxcm7.elf.dir/home/btclark/var-fslc-yocto/local_repos/freertos-variscite/rtos/freertos/freertos_kernel/timers.c.obj
 .text.prvSwitchTimerLists
                0x000000007e004d08       0xc8 CMakeFiles/rpmsg_lite_str_echo_rtos_imxcm7.elf.dir/home/btclark/var-fslc-yocto/local_repos/freertos-variscite/rtos/freertos/freertos_kernel/timers.c.obj
 .text.prvCheckForValidListAndQueue
                0x000000007e004dd0       0x6c CMakeFiles/rpmsg_lite_str_echo_rtos_imxcm7.elf.dir/home/btclark/var-fslc-yocto/local_repos/freertos-variscite/rtos/freertos/freertos_kernel/timers.c.obj
 .text.pvPortMalloc
                0x000000007e004e3c      0x198 CMakeFiles/rpmsg_lite_str_echo_rtos_imxcm7.elf.dir/home/btclark/var-fslc-yocto/local_repos/freertos-variscite/rtos/freertos/freertos_kernel/portable/MemMang/heap_4.c.obj
                0x000000007e004e3c                pvPortMalloc
 .text.vPortFree
                0x000000007e004fd4       0xc4 CMakeFiles/rpmsg_lite_str_echo_rtos_imxcm7.elf.dir/home/btclark/var-fslc-yocto/local_repos/freertos-variscite/rtos/freertos/freertos_kernel/portable/MemMang/heap_4.c.obj
                0x000000007e004fd4                vPortFree
 .text.prvHeapInit
                0x000000007e005098       0xc4 CMakeFiles/rpmsg_lite_str_echo_rtos_imxcm7.elf.dir/home/btclark/var-fslc-yocto/local_repos/freertos-variscite/rtos/freertos/freertos_kernel/portable/MemMang/heap_4.c.obj
 .text.prvInsertBlockIntoFreeList
                0x000000007e00515c       0xb4 CMakeFiles/rpmsg_lite_str_echo_rtos_imxcm7.elf.dir/home/btclark/var-fslc-yocto/local_repos/freertos-variscite/rtos/freertos/freertos_kernel/portable/MemMang/heap_4.c.obj
 .text.CLOCK_SetPllBypass
                0x000000007e005210       0x68 CMakeFiles/rpmsg_lite_str_echo_rtos_imxcm7.elf.dir/home/btclark/var-fslc-yocto/local_repos/freertos-variscite/devices/MIMX8MN6/drivers/fsl_clock.c.obj
 .text.CLOCK_IsPllBypassed
                0x000000007e005278       0x38 CMakeFiles/rpmsg_lite_str_echo_rtos_imxcm7.elf.dir/home/btclark/var-fslc-yocto/local_repos/freertos-variscite/devices/MIMX8MN6/drivers/fsl_clock.c.obj
 .text.CLOCK_IsPllLocked
                0x000000007e0052b0       0x24 CMakeFiles/rpmsg_lite_str_echo_rtos_imxcm7.elf.dir/home/btclark/var-fslc-yocto/local_repos/freertos-variscite/devices/MIMX8MN6/drivers/fsl_clock.c.obj
 .text.CLOCK_EnableAnalogClock
                0x000000007e0052d4       0x38 CMakeFiles/rpmsg_lite_str_echo_rtos_imxcm7.elf.dir/home/btclark/var-fslc-yocto/local_repos/freertos-variscite/devices/MIMX8MN6/drivers/fsl_clock.c.obj
 .text.CLOCK_GetPllRefClkFreq
                0x000000007e00530c       0x78 CMakeFiles/rpmsg_lite_str_echo_rtos_imxcm7.elf.dir/home/btclark/var-fslc-yocto/local_repos/freertos-variscite/devices/MIMX8MN6/drivers/fsl_clock.c.obj
                0x000000007e00530c                CLOCK_GetPllRefClkFreq
 .text.CLOCK_GetPllFreq
                0x000000007e005384      0x18c CMakeFiles/rpmsg_lite_str_echo_rtos_imxcm7.elf.dir/home/btclark/var-fslc-yocto/local_repos/freertos-variscite/devices/MIMX8MN6/drivers/fsl_clock.c.obj
                0x000000007e005384                CLOCK_GetPllFreq
 .text.CLOCK_InitAudioPll1
                0x000000007e005510       0x68 CMakeFiles/rpmsg_lite_str_echo_rtos_imxcm7.elf.dir/home/btclark/var-fslc-yocto/local_repos/freertos-variscite/devices/MIMX8MN6/drivers/fsl_clock.c.obj
                0x000000007e005510                CLOCK_InitAudioPll1
 .text.CLOCK_InitAudioPll2
                0x000000007e005578       0x74 CMakeFiles/rpmsg_lite_str_echo_rtos_imxcm7.elf.dir/home/btclark/var-fslc-yocto/local_repos/freertos-variscite/devices/MIMX8MN6/drivers/fsl_clock.c.obj
                0x000000007e005578                CLOCK_InitAudioPll2
 .text.CLOCK_InitSysPll3
                0x000000007e0055ec       0x74 CMakeFiles/rpmsg_lite_str_echo_rtos_imxcm7.elf.dir/home/btclark/var-fslc-yocto/local_repos/freertos-variscite/devices/MIMX8MN6/drivers/fsl_clock.c.obj
                0x000000007e0055ec                CLOCK_InitSysPll3
 .text.CLOCK_InitFracPll
                0x000000007e005660      0x160 CMakeFiles/rpmsg_lite_str_echo_rtos_imxcm7.elf.dir/home/btclark/var-fslc-yocto/local_repos/freertos-variscite/devices/MIMX8MN6/drivers/fsl_clock.c.obj
                0x000000007e005660                CLOCK_InitFracPll
 .text.CLOCK_GetFracPllFreq
                0x000000007e0057c0      0x11c CMakeFiles/rpmsg_lite_str_echo_rtos_imxcm7.elf.dir/home/btclark/var-fslc-yocto/local_repos/freertos-variscite/devices/MIMX8MN6/drivers/fsl_clock.c.obj
                0x000000007e0057c0                CLOCK_GetFracPllFreq
 .text.CLOCK_InitIntegerPll
                0x000000007e0058dc      0x14c CMakeFiles/rpmsg_lite_str_echo_rtos_imxcm7.elf.dir/home/btclark/var-fslc-yocto/local_repos/freertos-variscite/devices/MIMX8MN6/drivers/fsl_clock.c.obj
                0x000000007e0058dc                CLOCK_InitIntegerPll
 .text.CLOCK_GetIntegerPllFreq
                0x000000007e005a28       0xe8 CMakeFiles/rpmsg_lite_str_echo_rtos_imxcm7.elf.dir/home/btclark/var-fslc-yocto/local_repos/freertos-variscite/devices/MIMX8MN6/drivers/fsl_clock.c.obj
                0x000000007e005a28                CLOCK_GetIntegerPllFreq
 .text.CLOCK_SetRootDivider
                0x000000007e005b10       0x80 CMakeFiles/rpmsg_lite_str_echo_rtos_imxcm7.elf.dir/home/btclark/var-fslc-yocto/local_repos/freertos-variscite/devices/MIMX8MN6/drivers/fsl_clock.c.obj
                0x000000007e005b10                CLOCK_SetRootDivider
 .text.CLOCK_EnableClock
                0x000000007e005b90       0x58 CMakeFiles/rpmsg_lite_str_echo_rtos_imxcm7.elf.dir/home/btclark/var-fslc-yocto/local_repos/freertos-variscite/devices/MIMX8MN6/drivers/fsl_clock.c.obj
                0x000000007e005b90                CLOCK_EnableClock
 .text.MU_GetInstance
                0x000000007e005be8       0x54 CMakeFiles/rpmsg_lite_str_echo_rtos_imxcm7.elf.dir/home/btclark/var-fslc-yocto/local_repos/freertos-variscite/devices/MIMX8MN6/drivers/fsl_mu.c.obj
 .text.MU_Init  0x000000007e005c3c       0x20 CMakeFiles/rpmsg_lite_str_echo_rtos_imxcm7.elf.dir/home/btclark/var-fslc-yocto/local_repos/freertos-variscite/devices/MIMX8MN6/drivers/fsl_mu.c.obj
                0x000000007e005c3c                MU_Init
 .text.MU_SendMsg
                0x000000007e005c5c       0x54 CMakeFiles/rpmsg_lite_str_echo_rtos_imxcm7.elf.dir/home/btclark/var-fslc-yocto/local_repos/freertos-variscite/devices/MIMX8MN6/drivers/fsl_mu.c.obj
                0x000000007e005c5c                MU_SendMsg
 .text.RDC_SetMasterDomainAssignment
                0x000000007e005cb0       0x48 CMakeFiles/rpmsg_lite_str_echo_rtos_imxcm7.elf.dir/home/btclark/var-fslc-yocto/local_repos/freertos-variscite/devices/MIMX8MN6/drivers/fsl_rdc.c.obj
                0x000000007e005cb0                RDC_SetMasterDomainAssignment
 .text.PrintGetWidth
                0x000000007e005cf8       0x6a CMakeFiles/rpmsg_lite_str_echo_rtos_imxcm7.elf.dir/home/btclark/var-fslc-yocto/local_repos/freertos-variscite/devices/MIMX8MN6/utilities/str/fsl_str.c.obj
 .text.PrintGetPrecision
                0x000000007e005d62       0x8c CMakeFiles/rpmsg_lite_str_echo_rtos_imxcm7.elf.dir/home/btclark/var-fslc-yocto/local_repos/freertos-variscite/devices/MIMX8MN6/utilities/str/fsl_str.c.obj
 .text.PrintIsobpu
                0x000000007e005dee       0x38 CMakeFiles/rpmsg_lite_str_echo_rtos_imxcm7.elf.dir/home/btclark/var-fslc-yocto/local_repos/freertos-variscite/devices/MIMX8MN6/utilities/str/fsl_str.c.obj
 .text.PrintIsdi
                0x000000007e005e26       0x2c CMakeFiles/rpmsg_lite_str_echo_rtos_imxcm7.elf.dir/home/btclark/var-fslc-yocto/local_repos/freertos-variscite/devices/MIMX8MN6/utilities/str/fsl_str.c.obj
 .text.PrintOutputdifFobpu
                0x000000007e005e52       0x44 CMakeFiles/rpmsg_lite_str_echo_rtos_imxcm7.elf.dir/home/btclark/var-fslc-yocto/local_repos/freertos-variscite/devices/MIMX8MN6/utilities/str/fsl_str.c.obj
 .text.PrintOutputxX
                0x000000007e005e96       0x44 CMakeFiles/rpmsg_lite_str_echo_rtos_imxcm7.elf.dir/home/btclark/var-fslc-yocto/local_repos/freertos-variscite/devices/MIMX8MN6/utilities/str/fsl_str.c.obj
 .text.PrintIsfF
                0x000000007e005eda       0x2c CMakeFiles/rpmsg_lite_str_echo_rtos_imxcm7.elf.dir/home/btclark/var-fslc-yocto/local_repos/freertos-variscite/devices/MIMX8MN6/utilities/str/fsl_str.c.obj
 .text.PrintIsxX
                0x000000007e005f06       0x2c CMakeFiles/rpmsg_lite_str_echo_rtos_imxcm7.elf.dir/home/btclark/var-fslc-yocto/local_repos/freertos-variscite/devices/MIMX8MN6/utilities/str/fsl_str.c.obj
 .text.PrintFilterLengthFlag
                0x000000007e005f32       0x3e CMakeFiles/rpmsg_lite_str_echo_rtos_imxcm7.elf.dir/home/btclark/var-fslc-yocto/local_repos/freertos-variscite/devices/MIMX8MN6/utilities/str/fsl_str.c.obj
 .text.PrintGetRadixFromobpu
                0x000000007e005f70       0x40 CMakeFiles/rpmsg_lite_str_echo_rtos_imxcm7.elf.dir/home/btclark/var-fslc-yocto/local_repos/freertos-variscite/devices/MIMX8MN6/utilities/str/fsl_str.c.obj
 .text.ConvertRadixNumToString
                0x000000007e005fb0      0x110 CMakeFiles/rpmsg_lite_str_echo_rtos_imxcm7.elf.dir/home/btclark/var-fslc-yocto/local_repos/freertos-variscite/devices/MIMX8MN6/utilities/str/fsl_str.c.obj
 .text.StrFormatPrintf
                0x000000007e0060c0      0x290 CMakeFiles/rpmsg_lite_str_echo_rtos_imxcm7.elf.dir/home/btclark/var-fslc-yocto/local_repos/freertos-variscite/devices/MIMX8MN6/utilities/str/fsl_str.c.obj
                0x000000007e0060c0                StrFormatPrintf
 .text.DbgConsole_SendDataReliable
                0x000000007e006350       0x50 CMakeFiles/rpmsg_lite_str_echo_rtos_imxcm7.elf.dir/home/btclark/var-fslc-yocto/local_repos/freertos-variscite/devices/MIMX8MN6/utilities/debug_console/fsl_debug_console.c.obj
                0x000000007e006350                DbgConsole_SendDataReliable
 .text.DbgConsole_PrintCallback
                0x000000007e0063a0       0x66 CMakeFiles/rpmsg_lite_str_echo_rtos_imxcm7.elf.dir/home/btclark/var-fslc-yocto/local_repos/freertos-variscite/devices/MIMX8MN6/utilities/debug_console/fsl_debug_console.c.obj
 *fill*         0x000000007e006406        0x2 
 .text.DbgConsole_Init
                0x000000007e006408      0x118 CMakeFiles/rpmsg_lite_str_echo_rtos_imxcm7.elf.dir/home/btclark/var-fslc-yocto/local_repos/freertos-variscite/devices/MIMX8MN6/utilities/debug_console/fsl_debug_console.c.obj
                0x000000007e006408                DbgConsole_Init
 .text.DbgConsole_Printf
                0x000000007e006520       0x78 CMakeFiles/rpmsg_lite_str_echo_rtos_imxcm7.elf.dir/home/btclark/var-fslc-yocto/local_repos/freertos-variscite/devices/MIMX8MN6/utilities/debug_console/fsl_debug_console.c.obj
                0x000000007e006520                DbgConsole_Printf
 .text.DisableGlobalIRQ
                0x000000007e006598       0x22 CMakeFiles/rpmsg_lite_str_echo_rtos_imxcm7.elf.dir/home/btclark/var-fslc-yocto/local_repos/freertos-variscite/components/serial_manager/fsl_component_serial_manager.c.obj
 .text.EnableGlobalIRQ
                0x000000007e0065ba       0x20 CMakeFiles/rpmsg_lite_str_echo_rtos_imxcm7.elf.dir/home/btclark/var-fslc-yocto/local_repos/freertos-variscite/components/serial_manager/fsl_component_serial_manager.c.obj
 .text.SerialManager_StartWriting
                0x000000007e0065da       0x38 CMakeFiles/rpmsg_lite_str_echo_rtos_imxcm7.elf.dir/home/btclark/var-fslc-yocto/local_repos/freertos-variscite/components/serial_manager/fsl_component_serial_manager.c.obj
 .text.SerialManager_Write
                0x000000007e006612       0x44 CMakeFiles/rpmsg_lite_str_echo_rtos_imxcm7.elf.dir/home/btclark/var-fslc-yocto/local_repos/freertos-variscite/components/serial_manager/fsl_component_serial_manager.c.obj
 .text.SerialManager_Init
                0x000000007e006656       0x60 CMakeFiles/rpmsg_lite_str_echo_rtos_imxcm7.elf.dir/home/btclark/var-fslc-yocto/local_repos/freertos-variscite/components/serial_manager/fsl_component_serial_manager.c.obj
                0x000000007e006656                SerialManager_Init
 .text.SerialManager_OpenWriteHandle
                0x000000007e0066b6       0x50 CMakeFiles/rpmsg_lite_str_echo_rtos_imxcm7.elf.dir/home/btclark/var-fslc-yocto/local_repos/freertos-variscite/components/serial_manager/fsl_component_serial_manager.c.obj
                0x000000007e0066b6                SerialManager_OpenWriteHandle
 .text.SerialManager_OpenReadHandle
                0x000000007e006706       0x60 CMakeFiles/rpmsg_lite_str_echo_rtos_imxcm7.elf.dir/home/btclark/var-fslc-yocto/local_repos/freertos-variscite/components/serial_manager/fsl_component_serial_manager.c.obj
                0x000000007e006706                SerialManager_OpenReadHandle
 .text.SerialManager_WriteBlocking
                0x000000007e006766       0x20 CMakeFiles/rpmsg_lite_str_echo_rtos_imxcm7.elf.dir/home/btclark/var-fslc-yocto/local_repos/freertos-variscite/components/serial_manager/fsl_component_serial_manager.c.obj
                0x000000007e006766                SerialManager_WriteBlocking
 .text.Serial_UartInit
                0x000000007e006786       0x3e CMakeFiles/rpmsg_lite_str_echo_rtos_imxcm7.elf.dir/home/btclark/var-fslc-yocto/local_repos/freertos-variscite/components/serial_manager/fsl_component_serial_port_uart.c.obj
                0x000000007e006786                Serial_UartInit
 .text.Serial_UartWrite
                0x000000007e0067c4       0x38 CMakeFiles/rpmsg_lite_str_echo_rtos_imxcm7.elf.dir/home/btclark/var-fslc-yocto/local_repos/freertos-variscite/components/serial_manager/fsl_component_serial_port_uart.c.obj
                0x000000007e0067c4                Serial_UartWrite
 .text.UART_SoftwareReset
                0x000000007e0067fc       0x36 CMakeFiles/rpmsg_lite_str_echo_rtos_imxcm7.elf.dir/home/btclark/var-fslc-yocto/local_repos/freertos-variscite/devices/MIMX8MN6/drivers/fsl_uart.c.obj
 .text.UART_Enable
                0x000000007e006832       0x24 CMakeFiles/rpmsg_lite_str_echo_rtos_imxcm7.elf.dir/home/btclark/var-fslc-yocto/local_repos/freertos-variscite/devices/MIMX8MN6/drivers/fsl_uart.c.obj
 .text.UART_Disable
                0x000000007e006856       0x24 CMakeFiles/rpmsg_lite_str_echo_rtos_imxcm7.elf.dir/home/btclark/var-fslc-yocto/local_repos/freertos-variscite/devices/MIMX8MN6/drivers/fsl_uart.c.obj
 .text.UART_WriteByte
                0x000000007e00687a       0x1e CMakeFiles/rpmsg_lite_str_echo_rtos_imxcm7.elf.dir/home/btclark/var-fslc-yocto/local_repos/freertos-variscite/devices/MIMX8MN6/drivers/fsl_uart.c.obj
 .text.UART_SetTxFifoWatermark
                0x000000007e006898       0x54 CMakeFiles/rpmsg_lite_str_echo_rtos_imxcm7.elf.dir/home/btclark/var-fslc-yocto/local_repos/freertos-variscite/devices/MIMX8MN6/drivers/fsl_uart.c.obj
 .text.UART_SetRxRTSWatermark
                0x000000007e0068ec       0x4c CMakeFiles/rpmsg_lite_str_echo_rtos_imxcm7.elf.dir/home/btclark/var-fslc-yocto/local_repos/freertos-variscite/devices/MIMX8MN6/drivers/fsl_uart.c.obj
 .text.UART_SetRxFifoWatermark
                0x000000007e006938       0x4c CMakeFiles/rpmsg_lite_str_echo_rtos_imxcm7.elf.dir/home/btclark/var-fslc-yocto/local_repos/freertos-variscite/devices/MIMX8MN6/drivers/fsl_uart.c.obj
 .text.UART_EnableAutoBaudRate
                0x000000007e006984       0x50 CMakeFiles/rpmsg_lite_str_echo_rtos_imxcm7.elf.dir/home/btclark/var-fslc-yocto/local_repos/freertos-variscite/devices/MIMX8MN6/drivers/fsl_uart.c.obj
 .text.UART_GetInstance
                0x000000007e0069d4       0x60 CMakeFiles/rpmsg_lite_str_echo_rtos_imxcm7.elf.dir/home/btclark/var-fslc-yocto/local_repos/freertos-variscite/devices/MIMX8MN6/drivers/fsl_uart.c.obj
                0x000000007e0069d4                UART_GetInstance
 .text.UART_Init
                0x000000007e006a34      0x1a0 CMakeFiles/rpmsg_lite_str_echo_rtos_imxcm7.elf.dir/home/btclark/var-fslc-yocto/local_repos/freertos-variscite/devices/MIMX8MN6/drivers/fsl_uart.c.obj
                0x000000007e006a34                UART_Init
 .text.UART_GetDefaultConfig
                0x000000007e006bd4       0x84 CMakeFiles/rpmsg_lite_str_echo_rtos_imxcm7.elf.dir/home/btclark/var-fslc-yocto/local_repos/freertos-variscite/devices/MIMX8MN6/drivers/fsl_uart.c.obj
                0x000000007e006bd4                UART_GetDefaultConfig
 .text.UART_SetBaudRate
                0x000000007e006c58      0x2e0 CMakeFiles/rpmsg_lite_str_echo_rtos_imxcm7.elf.dir/home/btclark/var-fslc-yocto/local_repos/freertos-variscite/devices/MIMX8MN6/drivers/fsl_uart.c.obj
                0x000000007e006c58                UART_SetBaudRate
 .text.UART_WriteBlocking
                0x000000007e006f38       0x70 CMakeFiles/rpmsg_lite_str_echo_rtos_imxcm7.elf.dir/home/btclark/var-fslc-yocto/local_repos/freertos-variscite/devices/MIMX8MN6/drivers/fsl_uart.c.obj
                0x000000007e006f38                UART_WriteBlocking
 .text.UART1_DriverIRQHandler
                0x000000007e006fa8       0x28 CMakeFiles/rpmsg_lite_str_echo_rtos_imxcm7.elf.dir/home/btclark/var-fslc-yocto/local_repos/freertos-variscite/devices/MIMX8MN6/drivers/fsl_uart.c.obj
                0x000000007e006fa8                UART1_DriverIRQHandler
 .text.UART2_DriverIRQHandler
                0x000000007e006fd0       0x28 CMakeFiles/rpmsg_lite_str_echo_rtos_imxcm7.elf.dir/home/btclark/var-fslc-yocto/local_repos/freertos-variscite/devices/MIMX8MN6/drivers/fsl_uart.c.obj
                0x000000007e006fd0                UART2_DriverIRQHandler
 .text.UART3_DriverIRQHandler
                0x000000007e006ff8       0x28 CMakeFiles/rpmsg_lite_str_echo_rtos_imxcm7.elf.dir/home/btclark/var-fslc-yocto/local_repos/freertos-variscite/devices/MIMX8MN6/drivers/fsl_uart.c.obj
                0x000000007e006ff8                UART3_DriverIRQHandler
 .text.UART4_DriverIRQHandler
                0x000000007e007020       0x28 CMakeFiles/rpmsg_lite_str_echo_rtos_imxcm7.elf.dir/home/btclark/var-fslc-yocto/local_repos/freertos-variscite/devices/MIMX8MN6/drivers/fsl_uart.c.obj
                0x000000007e007020                UART4_DriverIRQHandler
 .text.HAL_UartGetStatus
                0x000000007e007048       0x22 CMakeFiles/rpmsg_lite_str_echo_rtos_imxcm7.elf.dir/home/btclark/var-fslc-yocto/local_repos/freertos-variscite/components/uart/fsl_adapter_iuart.c.obj
 *fill*         0x000000007e00706a        0x2 
 .text.HAL_UartInit
                0x000000007e00706c      0x120 CMakeFiles/rpmsg_lite_str_echo_rtos_imxcm7.elf.dir/home/btclark/var-fslc-yocto/local_repos/freertos-variscite/components/uart/fsl_adapter_iuart.c.obj
                0x000000007e00706c                HAL_UartInit
 .text.HAL_UartSendBlocking
                0x000000007e00718c       0x84 CMakeFiles/rpmsg_lite_str_echo_rtos_imxcm7.elf.dir/home/btclark/var-fslc-yocto/local_repos/freertos-variscite/components/uart/fsl_adapter_iuart.c.obj
                0x000000007e00718c                HAL_UartSendBlocking
 .text.GetFracPllFreq
                0x000000007e007210      0x10c CMakeFiles/rpmsg_lite_str_echo_rtos_imxcm7.elf.dir/home/btclark/var-fslc-yocto/local_repos/freertos-variscite/devices/MIMX8MN6/system_MIMX8MN6_cm7.c.obj
                0x000000007e007210                GetFracPllFreq
 .text.GetIntegerPllFreq
                0x000000007e00731c       0xe8 CMakeFiles/rpmsg_lite_str_echo_rtos_imxcm7.elf.dir/home/btclark/var-fslc-yocto/local_repos/freertos-variscite/devices/MIMX8MN6/system_MIMX8MN6_cm7.c.obj
                0x000000007e00731c                GetIntegerPllFreq
 .text.SystemInit
                0x000000007e007404       0x20 CMakeFiles/rpmsg_lite_str_echo_rtos_imxcm7.elf.dir/home/btclark/var-fslc-yocto/local_repos/freertos-variscite/devices/MIMX8MN6/system_MIMX8MN6_cm7.c.obj
                0x000000007e007404                SystemInit
 .text.SystemCoreClockUpdate
                0x000000007e007424      0x108 CMakeFiles/rpmsg_lite_str_echo_rtos_imxcm7.elf.dir/home/btclark/var-fslc-yocto/local_repos/freertos-variscite/devices/MIMX8MN6/system_MIMX8MN6_cm7.c.obj
                0x000000007e007424                SystemCoreClockUpdate
 .text.SystemInitHook
                0x000000007e00752c        0xe CMakeFiles/rpmsg_lite_str_echo_rtos_imxcm7.elf.dir/home/btclark/var-fslc-yocto/local_repos/freertos-variscite/devices/MIMX8MN6/system_MIMX8MN6_cm7.c.obj
                0x000000007e00752c                SystemInitHook
 *fill*         0x000000007e00753a        0x2 
 .text.__assert_func
                0x000000007e00753c       0x28 CMakeFiles/rpmsg_lite_str_echo_rtos_imxcm7.elf.dir/home/btclark/var-fslc-yocto/local_repos/freertos-variscite/devices/MIMX8MN6/utilities/fsl_assert.c.obj
                0x000000007e00753c                __assert_func
 .text.exit     0x000000007e007564       0x28 /home/btclark/var-mcuxpresso/gcc-arm-none-eabi-9-2020-q2-update/bin/../lib/gcc/arm-none-eabi/9.3.1/../../../../arm-none-eabi/lib/thumb/v7e-m+fp/hard/libc_nano.a(lib_a-exit.o)
                0x000000007e007564                exit
 .text.__libc_init_array
                0x000000007e00758c       0x48 /home/btclark/var-mcuxpresso/gcc-arm-none-eabi-9-2020-q2-update/bin/../lib/gcc/arm-none-eabi/9.3.1/../../../../arm-none-eabi/lib/thumb/v7e-m+fp/hard/libc_nano.a(lib_a-init.o)
                0x000000007e00758c                __libc_init_array
 .text.memcpy   0x000000007e0075d4       0x1c /home/btclark/var-mcuxpresso/gcc-arm-none-eabi-9-2020-q2-update/bin/../lib/gcc/arm-none-eabi/9.3.1/../../../../arm-none-eabi/lib/thumb/v7e-m+fp/hard/libc_nano.a(lib_a-memcpy-stub.o)
                0x000000007e0075d4                memcpy
 .text.memset   0x000000007e0075f0       0x10 /home/btclark/var-mcuxpresso/gcc-arm-none-eabi-9-2020-q2-update/bin/../lib/gcc/arm-none-eabi/9.3.1/../../../../arm-none-eabi/lib/thumb/v7e-m+fp/hard/libc_nano.a(lib_a-memset.o)
                0x000000007e0075f0                memset
 .text.strncpy  0x000000007e007600       0x26 /home/btclark/var-mcuxpresso/gcc-arm-none-eabi-9-2020-q2-update/bin/../lib/gcc/arm-none-eabi/9.3.1/../../../../arm-none-eabi/lib/thumb/v7e-m+fp/hard/libc_nano.a(lib_a-strncpy.o)
                0x000000007e007600                strncpy
 *fill*         0x000000007e007626        0x2 
 .text._exit    0x000000007e007628        0x4 /home/btclark/var-mcuxpresso/gcc-arm-none-eabi-9-2020-q2-update/bin/../lib/gcc/arm-none-eabi/9.3.1/../../../../arm-none-eabi/lib/thumb/v7e-m+fp/hard/libnosys.a(_exit.o)
                0x000000007e007628                _exit
 *(.rodata)
 .rodata        0x000000007e00762c      0x2c0 CMakeFiles/rpmsg_lite_str_echo_rtos_imxcm7.elf.dir/home/btclark/var-fslc-yocto/local_repos/freertos-variscite/boards/som_mx8mn/multicore_examples/rpmsg_lite_str_echo_rtos/main_remote.c.obj
 .rodata        0x000000007e0078ec       0x78 CMakeFiles/rpmsg_lite_str_echo_rtos_imxcm7.elf.dir/home/btclark/var-fslc-yocto/local_repos/freertos-variscite/middleware/multicore/rpmsg_lite/lib/rpmsg_lite/porting/platform/imx8mn_m7/rpmsg_platform.c.obj